// Validating benchmarks:
// ***** BenchmarkRunner: Start   *****
// ***** Found 4 benchmark(s) in total *****
// ***** Building 1 exe(s) in Parallel: Start   *****
Unable to find .sln or .csproj file. Will use current directory C:\Users\bgstr\source\repos\activesync to search for project file. If you don't use .sln file on purpose it should not be a problem.
// start dotnet  restore /p:UseSharedCompilation=false /p:BuildInParallel=false /m:1 /p:Deterministic=true /p:Optimize=true /p:IntermediateOutputPath="C:\Users\bgstr\source\repos\activesync\dotnet-host\bench\ActiveSync.DotNetHost.Benchmarks\bin\Release\net10.0\31dc0acf-81a8-4d7b-aaa5-88407ab577cd\obj\Release\net10.0/" /p:OutDir="C:\Users\bgstr\source\repos\activesync\dotnet-host\bench\ActiveSync.DotNetHost.Benchmarks\bin\Release\net10.0\31dc0acf-81a8-4d7b-aaa5-88407ab577cd\bin\Release\net10.0/" /p:OutputPath="C:\Users\bgstr\source\repos\activesync\dotnet-host\bench\ActiveSync.DotNetHost.Benchmarks\bin\Release\net10.0\31dc0acf-81a8-4d7b-aaa5-88407ab577cd\bin\Release\net10.0/" in C:\Users\bgstr\source\repos\activesync\dotnet-host\bench\ActiveSync.DotNetHost.Benchmarks\bin\Release\net10.0\31dc0acf-81a8-4d7b-aaa5-88407ab577cd
// command took 1.47 sec and exited with 0
// start dotnet  build -c Release --no-restore /p:UseSharedCompilation=false /p:BuildInParallel=false /m:1 /p:Deterministic=true /p:Optimize=true /p:IntermediateOutputPath="C:\Users\bgstr\source\repos\activesync\dotnet-host\bench\ActiveSync.DotNetHost.Benchmarks\bin\Release\net10.0\31dc0acf-81a8-4d7b-aaa5-88407ab577cd\obj\Release\net10.0/" /p:OutDir="C:\Users\bgstr\source\repos\activesync\dotnet-host\bench\ActiveSync.DotNetHost.Benchmarks\bin\Release\net10.0\31dc0acf-81a8-4d7b-aaa5-88407ab577cd\bin\Release\net10.0/" /p:OutputPath="C:\Users\bgstr\source\repos\activesync\dotnet-host\bench\ActiveSync.DotNetHost.Benchmarks\bin\Release\net10.0\31dc0acf-81a8-4d7b-aaa5-88407ab577cd\bin\Release\net10.0/" --output "C:\Users\bgstr\source\repos\activesync\dotnet-host\bench\ActiveSync.DotNetHost.Benchmarks\bin\Release\net10.0\31dc0acf-81a8-4d7b-aaa5-88407ab577cd\bin\Release\net10.0/" in C:\Users\bgstr\source\repos\activesync\dotnet-host\bench\ActiveSync.DotNetHost.Benchmarks\bin\Release\net10.0\31dc0acf-81a8-4d7b-aaa5-88407ab577cd
// command took 14.75 sec and exited with 0
// ***** Done, took 00:00:16 (16.51 sec)   *****
// Found 4 benchmarks:
//   HostFfiBenchmarks.SubmitNoopJson: DefaultJob
//   HostFfiBenchmarks.SubmitMapSetJson: DefaultJob
//   HostFfiBenchmarks.SubmitRequestServerPack1kJson: DefaultJob
//   HostFfiBenchmarks.SubmitBlobSet50KbJson: DefaultJob

Setup power plan (GUID: 8c5e7fda-e8bf-4a96-9a85-a6e23a8c635c FriendlyName: High performance)
// **************************
// Benchmark: HostFfiBenchmarks.SubmitNoopJson: DefaultJob
// *** Execute ***
// Launch: 1 / 1
// Execute: dotnet 31dc0acf-81a8-4d7b-aaa5-88407ab577cd.dll --anonymousPipes 6700 6704 --benchmarkName HostFfiBenchmarks.SubmitNoopJson --job Default --benchmarkId 0 in C:\Users\bgstr\source\repos\activesync\dotnet-host\bench\ActiveSync.DotNetHost.Benchmarks\bin\Release\net10.0\31dc0acf-81a8-4d7b-aaa5-88407ab577cd\bin\Release\net10.0
// BeforeAnythingElse

// Benchmark Process Environment Information:
// BenchmarkDotNet v0.14.0
// Runtime=.NET 10.0.4 (10.0.426.12010), X64 RyuJIT AVX2
// GC=Concurrent Workstation
// HardwareIntrinsics=AVX2,AES,BMI1,BMI2,FMA,LZCNT,PCLMUL,POPCNT VectorSize=256
// Job: DefaultJob


System.Reflection.TargetInvocationException: Exception has been thrown by the target of an invocation.
 ---> System.InvalidOperationException: Failed to load native host FFI library. Build host-ffi first (for example: `cargo build -p activesync-host-ffi`) or set ACTIVESYNC_HOST_FFI_DLL to the full path of the compiled library.
 ---> System.DllNotFoundException: Unable to load DLL 'activesync_host_ffi' or one of its dependencies: The specified module could not be found. (0x8007007E)
   at ActiveSync.DotNetHost.Ffi.NativeMethods.HostEngineNew(IntPtr& engine)
   at ActiveSync.DotNetHost.Ffi.HostFfiClient..ctor() in C:\Users\bgstr\source\repos\activesync\dotnet-host\src\ActiveSync.DotNetHost\Ffi\HostFfiClient.cs:line 19
   --- End of inner exception stack trace ---
   at ActiveSync.DotNetHost.Ffi.HostFfiClient..ctor() in C:\Users\bgstr\source\repos\activesync\dotnet-host\src\ActiveSync.DotNetHost\Ffi\HostFfiClient.cs:line 23
   at HostFfiBenchmarks.Setup() in C:\Users\bgstr\source\repos\activesync\dotnet-host\bench\ActiveSync.DotNetHost.Benchmarks\HostFfiBenchmarks.cs:line 20
   at BenchmarkDotNet.Engines.EngineFactory.CreateReadyToRun(EngineParameters engineParameters)
   at BenchmarkDotNet.Autogenerated.Runnable_0.Run(IHost host, String benchmarkName) in C:\Users\bgstr\source\repos\activesync\dotnet-host\bench\ActiveSync.DotNetHost.Benchmarks\bin\Release\net10.0\31dc0acf-81a8-4d7b-aaa5-88407ab577cd\31dc0acf-81a8-4d7b-aaa5-88407ab577cd.notcs:line 176
   at System.Reflection.MethodBaseInvoker.InterpretedInvoke_Method(Object obj, IntPtr* args)
   at System.Reflection.MethodBaseInvoker.InvokeDirectByRefWithFewArgs(Object obj, Span`1 copyOfArgs, BindingFlags invokeAttr)
   --- End of inner exception stack trace ---
   at System.Reflection.MethodBaseInvoker.InvokeDirectByRefWithFewArgs(Object obj, Span`1 copyOfArgs, BindingFlags invokeAttr)
   at System.Reflection.MethodBaseInvoker.InvokeWithFewArgs(Object obj, BindingFlags invokeAttr, Binder binder, Object[] parameters, CultureInfo culture)
   at System.Reflection.RuntimeMethodInfo.Invoke(Object obj, BindingFlags invokeAttr, Binder binder, Object[] parameters, CultureInfo culture)
   at System.Reflection.MethodBase.Invoke(Object obj, Object[] parameters)
   at BenchmarkDotNet.Autogenerated.UniqueProgramName.AfterAssemblyLoadingAttached(String[] args) in C:\Users\bgstr\source\repos\activesync\dotnet-host\bench\ActiveSync.DotNetHost.Benchmarks\bin\Release\net10.0\31dc0acf-81a8-4d7b-aaa5-88407ab577cd\31dc0acf-81a8-4d7b-aaa5-88407ab577cd.notcs:line 57
// AfterAll
No Workload Results were obtained from the run.
// Benchmark Process 49652 has exited with code -1.

// ** Remained 3 (75.0%) benchmark(s) to run. Estimated finish 2026-05-13 20:36 (0h 0m from now) **
Setup power plan (GUID: 8c5e7fda-e8bf-4a96-9a85-a6e23a8c635c FriendlyName: High performance)
// **************************
// Benchmark: HostFfiBenchmarks.SubmitMapSetJson: DefaultJob
// *** Execute ***
// Launch: 1 / 1
// Execute: dotnet 31dc0acf-81a8-4d7b-aaa5-88407ab577cd.dll --anonymousPipes 3068 3064 --benchmarkName HostFfiBenchmarks.SubmitMapSetJson --job Default --benchmarkId 1 in C:\Users\bgstr\source\repos\activesync\dotnet-host\bench\ActiveSync.DotNetHost.Benchmarks\bin\Release\net10.0\31dc0acf-81a8-4d7b-aaa5-88407ab577cd\bin\Release\net10.0
// BeforeAnythingElse

// Benchmark Process Environment Information:
// BenchmarkDotNet v0.14.0
// Runtime=.NET 10.0.4 (10.0.426.12010), X64 RyuJIT AVX2
// GC=Concurrent Workstation
// HardwareIntrinsics=AVX2,AES,BMI1,BMI2,FMA,LZCNT,PCLMUL,POPCNT VectorSize=256
// Job: DefaultJob


System.Reflection.TargetInvocationException: Exception has been thrown by the target of an invocation.
 ---> System.InvalidOperationException: Failed to load native host FFI library. Build host-ffi first (for example: `cargo build -p activesync-host-ffi`) or set ACTIVESYNC_HOST_FFI_DLL to the full path of the compiled library.
 ---> System.DllNotFoundException: Unable to load DLL 'activesync_host_ffi' or one of its dependencies: The specified module could not be found. (0x8007007E)
   at ActiveSync.DotNetHost.Ffi.NativeMethods.HostEngineNew(IntPtr& engine)
   at ActiveSync.DotNetHost.Ffi.HostFfiClient..ctor() in C:\Users\bgstr\source\repos\activesync\dotnet-host\src\ActiveSync.DotNetHost\Ffi\HostFfiClient.cs:line 19
   --- End of inner exception stack trace ---
   at ActiveSync.DotNetHost.Ffi.HostFfiClient..ctor() in C:\Users\bgstr\source\repos\activesync\dotnet-host\src\ActiveSync.DotNetHost\Ffi\HostFfiClient.cs:line 23
   at HostFfiBenchmarks.Setup() in C:\Users\bgstr\source\repos\activesync\dotnet-host\bench\ActiveSync.DotNetHost.Benchmarks\HostFfiBenchmarks.cs:line 20
   at BenchmarkDotNet.Engines.EngineFactory.CreateReadyToRun(EngineParameters engineParameters)
   at BenchmarkDotNet.Autogenerated.Runnable_1.Run(IHost host, String benchmarkName) in C:\Users\bgstr\source\repos\activesync\dotnet-host\bench\ActiveSync.DotNetHost.Benchmarks\bin\Release\net10.0\31dc0acf-81a8-4d7b-aaa5-88407ab577cd\31dc0acf-81a8-4d7b-aaa5-88407ab577cd.notcs:line 373
   at System.Reflection.MethodBaseInvoker.InterpretedInvoke_Method(Object obj, IntPtr* args)
   at System.Reflection.MethodBaseInvoker.InvokeDirectByRefWithFewArgs(Object obj, Span`1 copyOfArgs, BindingFlags invokeAttr)
   --- End of inner exception stack trace ---
   at System.Reflection.MethodBaseInvoker.InvokeDirectByRefWithFewArgs(Object obj, Span`1 copyOfArgs, BindingFlags invokeAttr)
   at System.Reflection.MethodBaseInvoker.InvokeWithFewArgs(Object obj, BindingFlags invokeAttr, Binder binder, Object[] parameters, CultureInfo culture)
   at System.Reflection.RuntimeMethodInfo.Invoke(Object obj, BindingFlags invokeAttr, Binder binder, Object[] parameters, CultureInfo culture)
   at System.Reflection.MethodBase.Invoke(Object obj, Object[] parameters)
   at BenchmarkDotNet.Autogenerated.UniqueProgramName.AfterAssemblyLoadingAttached(String[] args) in C:\Users\bgstr\source\repos\activesync\dotnet-host\bench\ActiveSync.DotNetHost.Benchmarks\bin\Release\net10.0\31dc0acf-81a8-4d7b-aaa5-88407ab577cd\31dc0acf-81a8-4d7b-aaa5-88407ab577cd.notcs:line 57
// AfterAll
No Workload Results were obtained from the run.
// Benchmark Process 54968 has exited with code -1.

// ** Remained 2 (50.0%) benchmark(s) to run. Estimated finish 2026-05-13 20:36 (0h 0m from now) **
Setup power plan (GUID: 8c5e7fda-e8bf-4a96-9a85-a6e23a8c635c FriendlyName: High performance)
// **************************
// Benchmark: HostFfiBenchmarks.SubmitRequestServerPack1kJson: DefaultJob
// *** Execute ***
// Launch: 1 / 1
// Execute: dotnet 31dc0acf-81a8-4d7b-aaa5-88407ab577cd.dll --anonymousPipes 6256 6260 --benchmarkName HostFfiBenchmarks.SubmitRequestServerPack1kJson --job Default --benchmarkId 2 in C:\Users\bgstr\source\repos\activesync\dotnet-host\bench\ActiveSync.DotNetHost.Benchmarks\bin\Release\net10.0\31dc0acf-81a8-4d7b-aaa5-88407ab577cd\bin\Release\net10.0
// BeforeAnythingElse

// Benchmark Process Environment Information:
// BenchmarkDotNet v0.14.0
// Runtime=.NET 10.0.4 (10.0.426.12010), X64 RyuJIT AVX2
// GC=Concurrent Workstation
// HardwareIntrinsics=AVX2,AES,BMI1,BMI2,FMA,LZCNT,PCLMUL,POPCNT VectorSize=256
// Job: DefaultJob


System.Reflection.TargetInvocationException: Exception has been thrown by the target of an invocation.
 ---> System.InvalidOperationException: Failed to load native host FFI library. Build host-ffi first (for example: `cargo build -p activesync-host-ffi`) or set ACTIVESYNC_HOST_FFI_DLL to the full path of the compiled library.
 ---> System.DllNotFoundException: Unable to load DLL 'activesync_host_ffi' or one of its dependencies: The specified module could not be found. (0x8007007E)
   at ActiveSync.DotNetHost.Ffi.NativeMethods.HostEngineNew(IntPtr& engine)
   at ActiveSync.DotNetHost.Ffi.HostFfiClient..ctor() in C:\Users\bgstr\source\repos\activesync\dotnet-host\src\ActiveSync.DotNetHost\Ffi\HostFfiClient.cs:line 19
   --- End of inner exception stack trace ---
   at ActiveSync.DotNetHost.Ffi.HostFfiClient..ctor() in C:\Users\bgstr\source\repos\activesync\dotnet-host\src\ActiveSync.DotNetHost\Ffi\HostFfiClient.cs:line 23
   at HostFfiBenchmarks.Setup() in C:\Users\bgstr\source\repos\activesync\dotnet-host\bench\ActiveSync.DotNetHost.Benchmarks\HostFfiBenchmarks.cs:line 20
   at BenchmarkDotNet.Engines.EngineFactory.CreateReadyToRun(EngineParameters engineParameters)
   at BenchmarkDotNet.Autogenerated.Runnable_2.Run(IHost host, String benchmarkName) in C:\Users\bgstr\source\repos\activesync\dotnet-host\bench\ActiveSync.DotNetHost.Benchmarks\bin\Release\net10.0\31dc0acf-81a8-4d7b-aaa5-88407ab577cd\31dc0acf-81a8-4d7b-aaa5-88407ab577cd.notcs:line 570
   at System.Reflection.MethodBaseInvoker.InterpretedInvoke_Method(Object obj, IntPtr* args)
   at System.Reflection.MethodBaseInvoker.InvokeDirectByRefWithFewArgs(Object obj, Span`1 copyOfArgs, BindingFlags invokeAttr)
   --- End of inner exception stack trace ---
   at System.Reflection.MethodBaseInvoker.InvokeDirectByRefWithFewArgs(Object obj, Span`1 copyOfArgs, BindingFlags invokeAttr)
   at System.Reflection.MethodBaseInvoker.InvokeWithFewArgs(Object obj, BindingFlags invokeAttr, Binder binder, Object[] parameters, CultureInfo culture)
   at System.Reflection.RuntimeMethodInfo.Invoke(Object obj, BindingFlags invokeAttr, Binder binder, Object[] parameters, CultureInfo culture)
   at System.Reflection.MethodBase.Invoke(Object obj, Object[] parameters)
   at BenchmarkDotNet.Autogenerated.UniqueProgramName.AfterAssemblyLoadingAttached(String[] args) in C:\Users\bgstr\source\repos\activesync\dotnet-host\bench\ActiveSync.DotNetHost.Benchmarks\bin\Release\net10.0\31dc0acf-81a8-4d7b-aaa5-88407ab577cd\31dc0acf-81a8-4d7b-aaa5-88407ab577cd.notcs:line 57
// AfterAll
No Workload Results were obtained from the run.
// Benchmark Process 41048 has exited with code -1.

// ** Remained 1 (25.0%) benchmark(s) to run. Estimated finish 2026-05-13 20:36 (0h 0m from now) **
Setup power plan (GUID: 8c5e7fda-e8bf-4a96-9a85-a6e23a8c635c FriendlyName: High performance)
// **************************
// Benchmark: HostFfiBenchmarks.SubmitBlobSet50KbJson: DefaultJob
// *** Execute ***
// Launch: 1 / 1
// Execute: dotnet 31dc0acf-81a8-4d7b-aaa5-88407ab577cd.dll --anonymousPipes 6244 2972 --benchmarkName HostFfiBenchmarks.SubmitBlobSet50KbJson --job Default --benchmarkId 3 in C:\Users\bgstr\source\repos\activesync\dotnet-host\bench\ActiveSync.DotNetHost.Benchmarks\bin\Release\net10.0\31dc0acf-81a8-4d7b-aaa5-88407ab577cd\bin\Release\net10.0
// BeforeAnythingElse

// Benchmark Process Environment Information:
// BenchmarkDotNet v0.14.0
// Runtime=.NET 10.0.4 (10.0.426.12010), X64 RyuJIT AVX2
// GC=Concurrent Workstation
// HardwareIntrinsics=AVX2,AES,BMI1,BMI2,FMA,LZCNT,PCLMUL,POPCNT VectorSize=256
// Job: DefaultJob


System.Reflection.TargetInvocationException: Exception has been thrown by the target of an invocation.
 ---> System.InvalidOperationException: Failed to load native host FFI library. Build host-ffi first (for example: `cargo build -p activesync-host-ffi`) or set ACTIVESYNC_HOST_FFI_DLL to the full path of the compiled library.
 ---> System.DllNotFoundException: Unable to load DLL 'activesync_host_ffi' or one of its dependencies: The specified module could not be found. (0x8007007E)
   at ActiveSync.DotNetHost.Ffi.NativeMethods.HostEngineNew(IntPtr& engine)
   at ActiveSync.DotNetHost.Ffi.HostFfiClient..ctor() in C:\Users\bgstr\source\repos\activesync\dotnet-host\src\ActiveSync.DotNetHost\Ffi\HostFfiClient.cs:line 19
   --- End of inner exception stack trace ---
   at ActiveSync.DotNetHost.Ffi.HostFfiClient..ctor() in C:\Users\bgstr\source\repos\activesync\dotnet-host\src\ActiveSync.DotNetHost\Ffi\HostFfiClient.cs:line 23
   at HostFfiBenchmarks.Setup() in C:\Users\bgstr\source\repos\activesync\dotnet-host\bench\ActiveSync.DotNetHost.Benchmarks\HostFfiBenchmarks.cs:line 20
   at BenchmarkDotNet.Engines.EngineFactory.CreateReadyToRun(EngineParameters engineParameters)
   at BenchmarkDotNet.Autogenerated.Runnable_3.Run(IHost host, String benchmarkName) in C:\Users\bgstr\source\repos\activesync\dotnet-host\bench\ActiveSync.DotNetHost.Benchmarks\bin\Release\net10.0\31dc0acf-81a8-4d7b-aaa5-88407ab577cd\31dc0acf-81a8-4d7b-aaa5-88407ab577cd.notcs:line 767
   at System.Reflection.MethodBaseInvoker.InterpretedInvoke_Method(Object obj, IntPtr* args)
   at System.Reflection.MethodBaseInvoker.InvokeDirectByRefWithFewArgs(Object obj, Span`1 copyOfArgs, BindingFlags invokeAttr)
   --- End of inner exception stack trace ---
   at System.Reflection.MethodBaseInvoker.InvokeDirectByRefWithFewArgs(Object obj, Span`1 copyOfArgs, BindingFlags invokeAttr)
   at System.Reflection.MethodBaseInvoker.InvokeWithFewArgs(Object obj, BindingFlags invokeAttr, Binder binder, Object[] parameters, CultureInfo culture)
   at System.Reflection.RuntimeMethodInfo.Invoke(Object obj, BindingFlags invokeAttr, Binder binder, Object[] parameters, CultureInfo culture)
   at System.Reflection.MethodBase.Invoke(Object obj, Object[] parameters)
   at BenchmarkDotNet.Autogenerated.UniqueProgramName.AfterAssemblyLoadingAttached(String[] args) in C:\Users\bgstr\source\repos\activesync\dotnet-host\bench\ActiveSync.DotNetHost.Benchmarks\bin\Release\net10.0\31dc0acf-81a8-4d7b-aaa5-88407ab577cd\31dc0acf-81a8-4d7b-aaa5-88407ab577cd.notcs:line 57
// AfterAll
No Workload Results were obtained from the run.
// Benchmark Process 53900 has exited with code -1.

// ** Remained 0 (0.0%) benchmark(s) to run. Estimated finish 2026-05-13 20:36 (0h 0m from now) **
Successfully reverted power plan (GUID: bb60f55f-3ea5-4950-9954-90872fbbbed7 FriendlyName: Razer Cortex Power Plan)
// ***** BenchmarkRunner: Finish  *****

// * Export *
  BenchmarkDotNet.Artifacts\results\HostFfiBenchmarks-report.csv
  BenchmarkDotNet.Artifacts\results\HostFfiBenchmarks-report-github.md
  BenchmarkDotNet.Artifacts\results\HostFfiBenchmarks-report.html

// * Detailed results *
HostFfiBenchmarks.SubmitNoopJson: DefaultJob
Runtime = .NET 10.0.4 (10.0.426.12010), X64 RyuJIT AVX2; GC = Concurrent Workstation
There are not any results runs

HostFfiBenchmarks.SubmitMapSetJson: DefaultJob
Runtime = .NET 10.0.4 (10.0.426.12010), X64 RyuJIT AVX2; GC = Concurrent Workstation
There are not any results runs

HostFfiBenchmarks.SubmitRequestServerPack1kJson: DefaultJob
Runtime = .NET 10.0.4 (10.0.426.12010), X64 RyuJIT AVX2; GC = Concurrent Workstation
There are not any results runs

HostFfiBenchmarks.SubmitBlobSet50KbJson: DefaultJob
Runtime = .NET 10.0.4 (10.0.426.12010), X64 RyuJIT AVX2; GC = Concurrent Workstation
There are not any results runs

// * Summary *

BenchmarkDotNet v0.14.0, Windows 11 (10.0.26200.8328)
AMD Ryzen 9 5900X, 1 CPU, 24 logical and 12 physical cores
.NET SDK 10.0.200
  [Host]     : .NET 10.0.4 (10.0.426.12010), X64 RyuJIT AVX2
  DefaultJob : .NET 10.0.4 (10.0.426.12010), X64 RyuJIT AVX2


| Method                        | Mean | Error |
|------------------------------ |-----:|------:|
| SubmitNoopJson                |   NA |    NA |
| SubmitMapSetJson              |   NA |    NA |
| SubmitRequestServerPack1kJson |   NA |    NA |
| SubmitBlobSet50KbJson         |   NA |    NA |

Benchmarks with issues:
  HostFfiBenchmarks.SubmitNoopJson: DefaultJob
  HostFfiBenchmarks.SubmitMapSetJson: DefaultJob
  HostFfiBenchmarks.SubmitRequestServerPack1kJson: DefaultJob
  HostFfiBenchmarks.SubmitBlobSet50KbJson: DefaultJob

// * Warnings *
Environment
  Summary -> Detected error exit code from one of the benchmarks. It might be caused by following antivirus software:
        - Windows Defender (windowsdefender://)
Use InProcessEmitToolchain or InProcessNoEmitToolchain to avoid new process creation.


// * Legends *
  Mean  : Arithmetic mean of all measurements
  Error : Half of 99.9% confidence interval
  1 ns  : 1 Nanosecond (0.000000001 sec)

// * Diagnostic Output - MemoryDiagnoser *


// ***** BenchmarkRunner: End *****
Run time: 00:00:01 (1.5 sec), executed benchmarks: 4

Global total time: 00:00:18 (18.24 sec), executed benchmarks: 4
// * Artifacts cleanup *
Artifacts cleanup is finished
