// Validating benchmarks:
// ***** BenchmarkRunner: Start   *****
// ***** Found 4 benchmark(s) in total *****
// ***** Building 1 exe(s) in Parallel: Start   *****
Unable to find .sln or .csproj file. Will use current directory C:\Users\bgstr\source\repos\activesync to search for project file. If you don't use .sln file on purpose it should not be a problem.
// start dotnet  restore /p:UseSharedCompilation=false /p:BuildInParallel=false /m:1 /p:Deterministic=true /p:Optimize=true /p:IntermediateOutputPath="C:\Users\bgstr\source\repos\activesync\dotnet-host\bench\ActiveSync.DotNetHost.Benchmarks\bin\Release\net10.0\5539d851-6515-44b0-81ec-493213aa8d7e\obj\Release\net10.0/" /p:OutDir="C:\Users\bgstr\source\repos\activesync\dotnet-host\bench\ActiveSync.DotNetHost.Benchmarks\bin\Release\net10.0\5539d851-6515-44b0-81ec-493213aa8d7e\bin\Release\net10.0/" /p:OutputPath="C:\Users\bgstr\source\repos\activesync\dotnet-host\bench\ActiveSync.DotNetHost.Benchmarks\bin\Release\net10.0\5539d851-6515-44b0-81ec-493213aa8d7e\bin\Release\net10.0/" in C:\Users\bgstr\source\repos\activesync\dotnet-host\bench\ActiveSync.DotNetHost.Benchmarks\bin\Release\net10.0\5539d851-6515-44b0-81ec-493213aa8d7e
// command took 1.63 sec and exited with 0
// start dotnet  build -c Release --no-restore /p:UseSharedCompilation=false /p:BuildInParallel=false /m:1 /p:Deterministic=true /p:Optimize=true /p:IntermediateOutputPath="C:\Users\bgstr\source\repos\activesync\dotnet-host\bench\ActiveSync.DotNetHost.Benchmarks\bin\Release\net10.0\5539d851-6515-44b0-81ec-493213aa8d7e\obj\Release\net10.0/" /p:OutDir="C:\Users\bgstr\source\repos\activesync\dotnet-host\bench\ActiveSync.DotNetHost.Benchmarks\bin\Release\net10.0\5539d851-6515-44b0-81ec-493213aa8d7e\bin\Release\net10.0/" /p:OutputPath="C:\Users\bgstr\source\repos\activesync\dotnet-host\bench\ActiveSync.DotNetHost.Benchmarks\bin\Release\net10.0\5539d851-6515-44b0-81ec-493213aa8d7e\bin\Release\net10.0/" --output "C:\Users\bgstr\source\repos\activesync\dotnet-host\bench\ActiveSync.DotNetHost.Benchmarks\bin\Release\net10.0\5539d851-6515-44b0-81ec-493213aa8d7e\bin\Release\net10.0/" in C:\Users\bgstr\source\repos\activesync\dotnet-host\bench\ActiveSync.DotNetHost.Benchmarks\bin\Release\net10.0\5539d851-6515-44b0-81ec-493213aa8d7e
// command took 15.59 sec and exited with 0
// ***** Done, took 00:00:17 (17.59 sec)   *****
// Found 4 benchmarks:
//   HostFfiBenchmarks.SubmitNoopJson: DefaultJob
//   HostFfiBenchmarks.SubmitMapSetJson: DefaultJob
//   HostFfiBenchmarks.SubmitRequestServerPack1kJson: DefaultJob
//   HostFfiBenchmarks.SubmitBlobSet50KbJson: DefaultJob

Setup power plan (GUID: 8c5e7fda-e8bf-4a96-9a85-a6e23a8c635c FriendlyName: High performance)
// **************************
// Benchmark: HostFfiBenchmarks.SubmitNoopJson: DefaultJob
// *** Execute ***
// Launch: 1 / 1
// Execute: dotnet 5539d851-6515-44b0-81ec-493213aa8d7e.dll --anonymousPipes 11532 11528 --benchmarkName HostFfiBenchmarks.SubmitNoopJson --job Default --benchmarkId 0 in C:\Users\bgstr\source\repos\activesync\dotnet-host\bench\ActiveSync.DotNetHost.Benchmarks\bin\Release\net10.0\5539d851-6515-44b0-81ec-493213aa8d7e\bin\Release\net10.0
// BeforeAnythingElse

// Benchmark Process Environment Information:
// BenchmarkDotNet v0.14.0
// Runtime=.NET 10.0.4 (10.0.426.12010), X64 RyuJIT AVX2
// GC=Concurrent Workstation
// HardwareIntrinsics=AVX2,AES,BMI1,BMI2,FMA,LZCNT,PCLMUL,POPCNT VectorSize=256
// Job: DefaultJob

OverheadJitting  1: 1 op, 246300.00 ns, 246.3000 us/op
WorkloadJitting  1: 1 op, 310200.00 ns, 310.2000 us/op

OverheadJitting  2: 16 op, 319800.00 ns, 19.9875 us/op
WorkloadJitting  2: 16 op, 364700.00 ns, 22.7938 us/op

WorkloadPilot    1: 16 op, 55100.00 ns, 3.4438 us/op
WorkloadPilot    2: 32 op, 112500.00 ns, 3.5156 us/op
WorkloadPilot    3: 64 op, 175100.00 ns, 2.7359 us/op
WorkloadPilot    4: 128 op, 382400.00 ns, 2.9875 us/op
WorkloadPilot    5: 256 op, 699100.00 ns, 2.7309 us/op
WorkloadPilot    6: 512 op, 2452000.00 ns, 4.7891 us/op
WorkloadPilot    7: 1024 op, 3108000.00 ns, 3.0352 us/op
WorkloadPilot    8: 2048 op, 5586700.00 ns, 2.7279 us/op
WorkloadPilot    9: 4096 op, 10721300.00 ns, 2.6175 us/op
WorkloadPilot   10: 8192 op, 23669600.00 ns, 2.8894 us/op
WorkloadPilot   11: 16384 op, 50032200.00 ns, 3.0537 us/op
WorkloadPilot   12: 32768 op, 101125600.00 ns, 3.0861 us/op
WorkloadPilot   13: 65536 op, 188941800.00 ns, 2.8830 us/op
WorkloadPilot   14: 131072 op, 338092700.00 ns, 2.5794 us/op
WorkloadPilot   15: 262144 op, 698318600.00 ns, 2.6639 us/op

OverheadWarmup   1: 262144 op, 425400.00 ns, 1.6228 ns/op
OverheadWarmup   2: 262144 op, 424300.00 ns, 1.6186 ns/op
OverheadWarmup   3: 262144 op, 410800.00 ns, 1.5671 ns/op
OverheadWarmup   4: 262144 op, 422800.00 ns, 1.6129 ns/op
OverheadWarmup   5: 262144 op, 448900.00 ns, 1.7124 ns/op
OverheadWarmup   6: 262144 op, 677800.00 ns, 2.5856 ns/op
OverheadWarmup   7: 262144 op, 429300.00 ns, 1.6376 ns/op
OverheadWarmup   8: 262144 op, 415500.00 ns, 1.5850 ns/op
OverheadWarmup   9: 262144 op, 459400.00 ns, 1.7525 ns/op
OverheadWarmup  10: 262144 op, 428100.00 ns, 1.6331 ns/op

OverheadActual   1: 262144 op, 429500.00 ns, 1.6384 ns/op
OverheadActual   2: 262144 op, 413100.00 ns, 1.5759 ns/op
OverheadActual   3: 262144 op, 408900.00 ns, 1.5598 ns/op
OverheadActual   4: 262144 op, 510900.00 ns, 1.9489 ns/op
OverheadActual   5: 262144 op, 422100.00 ns, 1.6102 ns/op
OverheadActual   6: 262144 op, 523400.00 ns, 1.9966 ns/op
OverheadActual   7: 262144 op, 433300.00 ns, 1.6529 ns/op
OverheadActual   8: 262144 op, 514600.00 ns, 1.9630 ns/op
OverheadActual   9: 262144 op, 413100.00 ns, 1.5759 ns/op
OverheadActual  10: 262144 op, 413200.00 ns, 1.5762 ns/op
OverheadActual  11: 262144 op, 415400.00 ns, 1.5846 ns/op
OverheadActual  12: 262144 op, 416500.00 ns, 1.5888 ns/op
OverheadActual  13: 262144 op, 413400.00 ns, 1.5770 ns/op
OverheadActual  14: 262144 op, 427100.00 ns, 1.6293 ns/op
OverheadActual  15: 262144 op, 415500.00 ns, 1.5850 ns/op

WorkloadWarmup   1: 262144 op, 772112400.00 ns, 2.9454 us/op
WorkloadWarmup   2: 262144 op, 733754400.00 ns, 2.7991 us/op
WorkloadWarmup   3: 262144 op, 834125800.00 ns, 3.1819 us/op
WorkloadWarmup   4: 262144 op, 752969800.00 ns, 2.8724 us/op
WorkloadWarmup   5: 262144 op, 849957400.00 ns, 3.2423 us/op
WorkloadWarmup   6: 262144 op, 816155800.00 ns, 3.1134 us/op

// BeforeActualRun
WorkloadActual   1: 262144 op, 799427500.00 ns, 3.0496 us/op
WorkloadActual   2: 262144 op, 779069800.00 ns, 2.9719 us/op
WorkloadActual   3: 262144 op, 790648900.00 ns, 3.0161 us/op
WorkloadActual   4: 262144 op, 843710200.00 ns, 3.2185 us/op
WorkloadActual   5: 262144 op, 765378700.00 ns, 2.9197 us/op
WorkloadActual   6: 262144 op, 732102100.00 ns, 2.7927 us/op
WorkloadActual   7: 262144 op, 838593300.00 ns, 3.1990 us/op
WorkloadActual   8: 262144 op, 1109343700.00 ns, 4.2318 us/op
WorkloadActual   9: 262144 op, 1051244400.00 ns, 4.0102 us/op
WorkloadActual  10: 262144 op, 963186700.00 ns, 3.6743 us/op
WorkloadActual  11: 262144 op, 1095186600.00 ns, 4.1778 us/op
WorkloadActual  12: 262144 op, 979654100.00 ns, 3.7371 us/op
WorkloadActual  13: 262144 op, 851008900.00 ns, 3.2463 us/op
WorkloadActual  14: 262144 op, 904514900.00 ns, 3.4505 us/op
WorkloadActual  15: 262144 op, 859001300.00 ns, 3.2768 us/op
WorkloadActual  16: 262144 op, 921690000.00 ns, 3.5160 us/op
WorkloadActual  17: 262144 op, 1009734000.00 ns, 3.8518 us/op
WorkloadActual  18: 262144 op, 1023515000.00 ns, 3.9044 us/op
WorkloadActual  19: 262144 op, 960255700.00 ns, 3.6631 us/op
WorkloadActual  20: 262144 op, 829286600.00 ns, 3.1635 us/op
WorkloadActual  21: 262144 op, 827713100.00 ns, 3.1575 us/op
WorkloadActual  22: 262144 op, 841015200.00 ns, 3.2082 us/op
WorkloadActual  23: 262144 op, 759392900.00 ns, 2.8969 us/op
WorkloadActual  24: 262144 op, 904001700.00 ns, 3.4485 us/op
WorkloadActual  25: 262144 op, 938851800.00 ns, 3.5814 us/op
WorkloadActual  26: 262144 op, 931820000.00 ns, 3.5546 us/op
WorkloadActual  27: 262144 op, 878318800.00 ns, 3.3505 us/op
WorkloadActual  28: 262144 op, 911193600.00 ns, 3.4759 us/op
WorkloadActual  29: 262144 op, 916429000.00 ns, 3.4959 us/op
WorkloadActual  30: 262144 op, 904608000.00 ns, 3.4508 us/op
WorkloadActual  31: 262144 op, 880602700.00 ns, 3.3592 us/op
WorkloadActual  32: 262144 op, 901118500.00 ns, 3.4375 us/op
WorkloadActual  33: 262144 op, 889406700.00 ns, 3.3928 us/op
WorkloadActual  34: 262144 op, 904571800.00 ns, 3.4507 us/op
WorkloadActual  35: 262144 op, 930486500.00 ns, 3.5495 us/op
WorkloadActual  36: 262144 op, 881358900.00 ns, 3.3621 us/op
WorkloadActual  37: 262144 op, 901642400.00 ns, 3.4395 us/op
WorkloadActual  38: 262144 op, 949307200.00 ns, 3.6213 us/op
WorkloadActual  39: 262144 op, 945995100.00 ns, 3.6087 us/op
WorkloadActual  40: 262144 op, 894377100.00 ns, 3.4118 us/op
WorkloadActual  41: 262144 op, 830061800.00 ns, 3.1664 us/op
WorkloadActual  42: 262144 op, 903364900.00 ns, 3.4461 us/op
WorkloadActual  43: 262144 op, 892710400.00 ns, 3.4054 us/op
WorkloadActual  44: 262144 op, 947947800.00 ns, 3.6161 us/op
WorkloadActual  45: 262144 op, 941829000.00 ns, 3.5928 us/op
WorkloadActual  46: 262144 op, 984134500.00 ns, 3.7542 us/op
WorkloadActual  47: 262144 op, 929938000.00 ns, 3.5474 us/op
WorkloadActual  48: 262144 op, 951531600.00 ns, 3.6298 us/op
WorkloadActual  49: 262144 op, 940110800.00 ns, 3.5862 us/op
WorkloadActual  50: 262144 op, 948603000.00 ns, 3.6186 us/op
WorkloadActual  51: 262144 op, 953544600.00 ns, 3.6375 us/op
WorkloadActual  52: 262144 op, 936970900.00 ns, 3.5743 us/op
WorkloadActual  53: 262144 op, 946712400.00 ns, 3.6114 us/op
WorkloadActual  54: 262144 op, 951593700.00 ns, 3.6300 us/op
WorkloadActual  55: 262144 op, 974303900.00 ns, 3.7167 us/op
WorkloadActual  56: 262144 op, 958590200.00 ns, 3.6567 us/op
WorkloadActual  57: 262144 op, 990844500.00 ns, 3.7798 us/op
WorkloadActual  58: 262144 op, 962947900.00 ns, 3.6734 us/op
WorkloadActual  59: 262144 op, 942840300.00 ns, 3.5967 us/op
WorkloadActual  60: 262144 op, 1023406700.00 ns, 3.9040 us/op
WorkloadActual  61: 262144 op, 985536600.00 ns, 3.7595 us/op
WorkloadActual  62: 262144 op, 984436600.00 ns, 3.7553 us/op
WorkloadActual  63: 262144 op, 946747700.00 ns, 3.6116 us/op
WorkloadActual  64: 262144 op, 950094300.00 ns, 3.6243 us/op
WorkloadActual  65: 262144 op, 979047600.00 ns, 3.7348 us/op
WorkloadActual  66: 262144 op, 980704300.00 ns, 3.7411 us/op
WorkloadActual  67: 262144 op, 886465000.00 ns, 3.3816 us/op
WorkloadActual  68: 262144 op, 883818500.00 ns, 3.3715 us/op
WorkloadActual  69: 262144 op, 921882200.00 ns, 3.5167 us/op
WorkloadActual  70: 262144 op, 910630500.00 ns, 3.4738 us/op
WorkloadActual  71: 262144 op, 981184300.00 ns, 3.7429 us/op
WorkloadActual  72: 262144 op, 944409700.00 ns, 3.6026 us/op
WorkloadActual  73: 262144 op, 896498600.00 ns, 3.4199 us/op
WorkloadActual  74: 262144 op, 849107900.00 ns, 3.2391 us/op
WorkloadActual  75: 262144 op, 961165000.00 ns, 3.6666 us/op
WorkloadActual  76: 262144 op, 922279700.00 ns, 3.5182 us/op
WorkloadActual  77: 262144 op, 910782000.00 ns, 3.4744 us/op
WorkloadActual  78: 262144 op, 948830900.00 ns, 3.6195 us/op
WorkloadActual  79: 262144 op, 877500700.00 ns, 3.3474 us/op
WorkloadActual  80: 262144 op, 954175600.00 ns, 3.6399 us/op
WorkloadActual  81: 262144 op, 919194300.00 ns, 3.5064 us/op
WorkloadActual  82: 262144 op, 863369200.00 ns, 3.2935 us/op
WorkloadActual  83: 262144 op, 893544000.00 ns, 3.4086 us/op
WorkloadActual  84: 262144 op, 858365100.00 ns, 3.2744 us/op
WorkloadActual  85: 262144 op, 818886500.00 ns, 3.1238 us/op
WorkloadActual  86: 262144 op, 910908200.00 ns, 3.4748 us/op
WorkloadActual  87: 262144 op, 878172800.00 ns, 3.3500 us/op
WorkloadActual  88: 262144 op, 911019900.00 ns, 3.4753 us/op
WorkloadActual  89: 262144 op, 876611400.00 ns, 3.3440 us/op
WorkloadActual  90: 262144 op, 775216300.00 ns, 2.9572 us/op
WorkloadActual  91: 262144 op, 928652600.00 ns, 3.5425 us/op
WorkloadActual  92: 262144 op, 987176300.00 ns, 3.7658 us/op
WorkloadActual  93: 262144 op, 946563200.00 ns, 3.6109 us/op
WorkloadActual  94: 262144 op, 927948700.00 ns, 3.5398 us/op
WorkloadActual  95: 262144 op, 943464200.00 ns, 3.5990 us/op
WorkloadActual  96: 262144 op, 912433700.00 ns, 3.4807 us/op
WorkloadActual  97: 262144 op, 941501400.00 ns, 3.5915 us/op
WorkloadActual  98: 262144 op, 944429300.00 ns, 3.6027 us/op
WorkloadActual  99: 262144 op, 959485900.00 ns, 3.6601 us/op
WorkloadActual  100: 262144 op, 946753200.00 ns, 3.6116 us/op

// AfterActualRun
WorkloadResult   1: 262144 op, 799011000.00 ns, 3.0480 us/op
WorkloadResult   2: 262144 op, 778653300.00 ns, 2.9703 us/op
WorkloadResult   3: 262144 op, 790232400.00 ns, 3.0145 us/op
WorkloadResult   4: 262144 op, 843293700.00 ns, 3.2169 us/op
WorkloadResult   5: 262144 op, 764962200.00 ns, 2.9181 us/op
WorkloadResult   6: 262144 op, 731685600.00 ns, 2.7912 us/op
WorkloadResult   7: 262144 op, 838176800.00 ns, 3.1974 us/op
WorkloadResult   8: 262144 op, 1050827900.00 ns, 4.0086 us/op
WorkloadResult   9: 262144 op, 962770200.00 ns, 3.6727 us/op
WorkloadResult  10: 262144 op, 979237600.00 ns, 3.7355 us/op
WorkloadResult  11: 262144 op, 850592400.00 ns, 3.2448 us/op
WorkloadResult  12: 262144 op, 904098400.00 ns, 3.4489 us/op
WorkloadResult  13: 262144 op, 858584800.00 ns, 3.2752 us/op
WorkloadResult  14: 262144 op, 921273500.00 ns, 3.5144 us/op
WorkloadResult  15: 262144 op, 1009317500.00 ns, 3.8502 us/op
WorkloadResult  16: 262144 op, 1023098500.00 ns, 3.9028 us/op
WorkloadResult  17: 262144 op, 959839200.00 ns, 3.6615 us/op
WorkloadResult  18: 262144 op, 828870100.00 ns, 3.1619 us/op
WorkloadResult  19: 262144 op, 827296600.00 ns, 3.1559 us/op
WorkloadResult  20: 262144 op, 840598700.00 ns, 3.2066 us/op
WorkloadResult  21: 262144 op, 758976400.00 ns, 2.8953 us/op
WorkloadResult  22: 262144 op, 903585200.00 ns, 3.4469 us/op
WorkloadResult  23: 262144 op, 938435300.00 ns, 3.5798 us/op
WorkloadResult  24: 262144 op, 931403500.00 ns, 3.5530 us/op
WorkloadResult  25: 262144 op, 877902300.00 ns, 3.3489 us/op
WorkloadResult  26: 262144 op, 910777100.00 ns, 3.4743 us/op
WorkloadResult  27: 262144 op, 916012500.00 ns, 3.4943 us/op
WorkloadResult  28: 262144 op, 904191500.00 ns, 3.4492 us/op
WorkloadResult  29: 262144 op, 880186200.00 ns, 3.3576 us/op
WorkloadResult  30: 262144 op, 900702000.00 ns, 3.4359 us/op
WorkloadResult  31: 262144 op, 888990200.00 ns, 3.3912 us/op
WorkloadResult  32: 262144 op, 904155300.00 ns, 3.4491 us/op
WorkloadResult  33: 262144 op, 930070000.00 ns, 3.5479 us/op
WorkloadResult  34: 262144 op, 880942400.00 ns, 3.3605 us/op
WorkloadResult  35: 262144 op, 901225900.00 ns, 3.4379 us/op
WorkloadResult  36: 262144 op, 948890700.00 ns, 3.6197 us/op
WorkloadResult  37: 262144 op, 945578600.00 ns, 3.6071 us/op
WorkloadResult  38: 262144 op, 893960600.00 ns, 3.4102 us/op
WorkloadResult  39: 262144 op, 829645300.00 ns, 3.1648 us/op
WorkloadResult  40: 262144 op, 902948400.00 ns, 3.4445 us/op
WorkloadResult  41: 262144 op, 892293900.00 ns, 3.4038 us/op
WorkloadResult  42: 262144 op, 947531300.00 ns, 3.6145 us/op
WorkloadResult  43: 262144 op, 941412500.00 ns, 3.5912 us/op
WorkloadResult  44: 262144 op, 983718000.00 ns, 3.7526 us/op
WorkloadResult  45: 262144 op, 929521500.00 ns, 3.5458 us/op
WorkloadResult  46: 262144 op, 951115100.00 ns, 3.6282 us/op
WorkloadResult  47: 262144 op, 939694300.00 ns, 3.5846 us/op
WorkloadResult  48: 262144 op, 948186500.00 ns, 3.6170 us/op
WorkloadResult  49: 262144 op, 953128100.00 ns, 3.6359 us/op
WorkloadResult  50: 262144 op, 936554400.00 ns, 3.5727 us/op
WorkloadResult  51: 262144 op, 946295900.00 ns, 3.6098 us/op
WorkloadResult  52: 262144 op, 951177200.00 ns, 3.6285 us/op
WorkloadResult  53: 262144 op, 973887400.00 ns, 3.7151 us/op
WorkloadResult  54: 262144 op, 958173700.00 ns, 3.6551 us/op
WorkloadResult  55: 262144 op, 990428000.00 ns, 3.7782 us/op
WorkloadResult  56: 262144 op, 962531400.00 ns, 3.6718 us/op
WorkloadResult  57: 262144 op, 942423800.00 ns, 3.5951 us/op
WorkloadResult  58: 262144 op, 1022990200.00 ns, 3.9024 us/op
WorkloadResult  59: 262144 op, 985120100.00 ns, 3.7579 us/op
WorkloadResult  60: 262144 op, 984020100.00 ns, 3.7537 us/op
WorkloadResult  61: 262144 op, 946331200.00 ns, 3.6100 us/op
WorkloadResult  62: 262144 op, 949677800.00 ns, 3.6227 us/op
WorkloadResult  63: 262144 op, 978631100.00 ns, 3.7332 us/op
WorkloadResult  64: 262144 op, 980287800.00 ns, 3.7395 us/op
WorkloadResult  65: 262144 op, 886048500.00 ns, 3.3800 us/op
WorkloadResult  66: 262144 op, 883402000.00 ns, 3.3699 us/op
WorkloadResult  67: 262144 op, 921465700.00 ns, 3.5151 us/op
WorkloadResult  68: 262144 op, 910214000.00 ns, 3.4722 us/op
WorkloadResult  69: 262144 op, 980767800.00 ns, 3.7413 us/op
WorkloadResult  70: 262144 op, 943993200.00 ns, 3.6010 us/op
WorkloadResult  71: 262144 op, 896082100.00 ns, 3.4183 us/op
WorkloadResult  72: 262144 op, 848691400.00 ns, 3.2375 us/op
WorkloadResult  73: 262144 op, 960748500.00 ns, 3.6650 us/op
WorkloadResult  74: 262144 op, 921863200.00 ns, 3.5166 us/op
WorkloadResult  75: 262144 op, 910365500.00 ns, 3.4728 us/op
WorkloadResult  76: 262144 op, 948414400.00 ns, 3.6179 us/op
WorkloadResult  77: 262144 op, 877084200.00 ns, 3.3458 us/op
WorkloadResult  78: 262144 op, 953759100.00 ns, 3.6383 us/op
WorkloadResult  79: 262144 op, 918777800.00 ns, 3.5049 us/op
WorkloadResult  80: 262144 op, 862952700.00 ns, 3.2919 us/op
WorkloadResult  81: 262144 op, 893127500.00 ns, 3.4070 us/op
WorkloadResult  82: 262144 op, 857948600.00 ns, 3.2728 us/op
WorkloadResult  83: 262144 op, 818470000.00 ns, 3.1222 us/op
WorkloadResult  84: 262144 op, 910491700.00 ns, 3.4733 us/op
WorkloadResult  85: 262144 op, 877756300.00 ns, 3.3484 us/op
WorkloadResult  86: 262144 op, 910603400.00 ns, 3.4737 us/op
WorkloadResult  87: 262144 op, 876194900.00 ns, 3.3424 us/op
WorkloadResult  88: 262144 op, 774799800.00 ns, 2.9556 us/op
WorkloadResult  89: 262144 op, 928236100.00 ns, 3.5409 us/op
WorkloadResult  90: 262144 op, 986759800.00 ns, 3.7642 us/op
WorkloadResult  91: 262144 op, 946146700.00 ns, 3.6093 us/op
WorkloadResult  92: 262144 op, 927532200.00 ns, 3.5383 us/op
WorkloadResult  93: 262144 op, 943047700.00 ns, 3.5974 us/op
WorkloadResult  94: 262144 op, 912017200.00 ns, 3.4791 us/op
WorkloadResult  95: 262144 op, 941084900.00 ns, 3.5900 us/op
WorkloadResult  96: 262144 op, 944012800.00 ns, 3.6011 us/op
WorkloadResult  97: 262144 op, 959069400.00 ns, 3.6586 us/op
WorkloadResult  98: 262144 op, 946336700.00 ns, 3.6100 us/op
// GC:  2 0 0 41943104 262144
// Threading:  0 0 262144

// AfterAll
// Benchmark Process 40052 has exited with code 0.

Mean = 3.483 μs, StdErr = 0.023 μs (0.67%), N = 98, StdDev = 0.232 μs
Min = 2.791 μs, Q1 = 3.363 μs, Median = 3.516 μs, Q3 = 3.622 μs, Max = 4.009 μs
IQR = 0.259 μs, LowerFence = 2.974 μs, UpperFence = 4.011 μs
ConfidenceInterval = [3.404 μs; 3.563 μs] (CI 99.9%), Margin = 0.080 μs (2.28% of Mean)
Skewness = -0.7, Kurtosis = 3.45, MValue = 2.34

// ** Remained 3 (75.0%) benchmark(s) to run. Estimated finish 2026-05-13 20:36 (0h 4m from now) **
Setup power plan (GUID: 8c5e7fda-e8bf-4a96-9a85-a6e23a8c635c FriendlyName: High performance)
// **************************
// Benchmark: HostFfiBenchmarks.SubmitMapSetJson: DefaultJob
// *** Execute ***
// Launch: 1 / 1
// Execute: dotnet 5539d851-6515-44b0-81ec-493213aa8d7e.dll --anonymousPipes 8004 860 --benchmarkName HostFfiBenchmarks.SubmitMapSetJson --job Default --benchmarkId 1 in C:\Users\bgstr\source\repos\activesync\dotnet-host\bench\ActiveSync.DotNetHost.Benchmarks\bin\Release\net10.0\5539d851-6515-44b0-81ec-493213aa8d7e\bin\Release\net10.0
// BeforeAnythingElse

// Benchmark Process Environment Information:
// BenchmarkDotNet v0.14.0
// Runtime=.NET 10.0.4 (10.0.426.12010), X64 RyuJIT AVX2
// GC=Concurrent Workstation
// HardwareIntrinsics=AVX2,AES,BMI1,BMI2,FMA,LZCNT,PCLMUL,POPCNT VectorSize=256
// Job: DefaultJob

OverheadJitting  1: 1 op, 263600.00 ns, 263.6000 us/op
WorkloadJitting  1: 1 op, 334800.00 ns, 334.8000 us/op

OverheadJitting  2: 16 op, 284400.00 ns, 17.7750 us/op
WorkloadJitting  2: 16 op, 473600.00 ns, 29.6000 us/op

WorkloadPilot    1: 16 op, 250700.00 ns, 15.6688 us/op
WorkloadPilot    2: 32 op, 500000.00 ns, 15.6250 us/op
WorkloadPilot    3: 64 op, 779100.00 ns, 12.1734 us/op
WorkloadPilot    4: 128 op, 1523100.00 ns, 11.8992 us/op
WorkloadPilot    5: 256 op, 2896600.00 ns, 11.3148 us/op
WorkloadPilot    6: 512 op, 6045100.00 ns, 11.8068 us/op
WorkloadPilot    7: 1024 op, 11409500.00 ns, 11.1421 us/op
WorkloadPilot    8: 2048 op, 27643900.00 ns, 13.4980 us/op
WorkloadPilot    9: 4096 op, 53186200.00 ns, 12.9849 us/op
WorkloadPilot   10: 8192 op, 102168900.00 ns, 12.4718 us/op
WorkloadPilot   11: 16384 op, 194254500.00 ns, 11.8564 us/op
WorkloadPilot   12: 32768 op, 368320700.00 ns, 11.2403 us/op
WorkloadPilot   13: 65536 op, 756884300.00 ns, 11.5491 us/op

OverheadWarmup   1: 65536 op, 130200.00 ns, 1.9867 ns/op
OverheadWarmup   2: 65536 op, 108500.00 ns, 1.6556 ns/op
OverheadWarmup   3: 65536 op, 115000.00 ns, 1.7548 ns/op
OverheadWarmup   4: 65536 op, 225700.00 ns, 3.4439 ns/op
OverheadWarmup   5: 65536 op, 104000.00 ns, 1.5869 ns/op
OverheadWarmup   6: 65536 op, 103900.00 ns, 1.5854 ns/op
OverheadWarmup   7: 65536 op, 118100.00 ns, 1.8021 ns/op
OverheadWarmup   8: 65536 op, 103900.00 ns, 1.5854 ns/op

OverheadActual   1: 65536 op, 103900.00 ns, 1.5854 ns/op
OverheadActual   2: 65536 op, 104400.00 ns, 1.5930 ns/op
OverheadActual   3: 65536 op, 276700.00 ns, 4.2221 ns/op
OverheadActual   4: 65536 op, 170900.00 ns, 2.6077 ns/op
OverheadActual   5: 65536 op, 119800.00 ns, 1.8280 ns/op
OverheadActual   6: 65536 op, 160700.00 ns, 2.4521 ns/op
OverheadActual   7: 65536 op, 109100.00 ns, 1.6647 ns/op
OverheadActual   8: 65536 op, 169900.00 ns, 2.5925 ns/op
OverheadActual   9: 65536 op, 214100.00 ns, 3.2669 ns/op
OverheadActual  10: 65536 op, 174600.00 ns, 2.6642 ns/op
OverheadActual  11: 65536 op, 116200.00 ns, 1.7731 ns/op
OverheadActual  12: 65536 op, 105000.00 ns, 1.6022 ns/op
OverheadActual  13: 65536 op, 105100.00 ns, 1.6037 ns/op
OverheadActual  14: 65536 op, 104800.00 ns, 1.5991 ns/op
OverheadActual  15: 65536 op, 105000.00 ns, 1.6022 ns/op
OverheadActual  16: 65536 op, 111800.00 ns, 1.7059 ns/op
OverheadActual  17: 65536 op, 104800.00 ns, 1.5991 ns/op
OverheadActual  18: 65536 op, 106100.00 ns, 1.6190 ns/op
OverheadActual  19: 65536 op, 115900.00 ns, 1.7685 ns/op
OverheadActual  20: 65536 op, 105500.00 ns, 1.6098 ns/op

WorkloadWarmup   1: 65536 op, 748646000.00 ns, 11.4234 us/op
WorkloadWarmup   2: 65536 op, 915811800.00 ns, 13.9742 us/op
WorkloadWarmup   3: 65536 op, 1067291900.00 ns, 16.2856 us/op
WorkloadWarmup   4: 65536 op, 1036836700.00 ns, 15.8209 us/op
WorkloadWarmup   5: 65536 op, 1029869300.00 ns, 15.7146 us/op
WorkloadWarmup   6: 65536 op, 965518800.00 ns, 14.7326 us/op
WorkloadWarmup   7: 65536 op, 1064188500.00 ns, 16.2382 us/op
WorkloadWarmup   8: 65536 op, 980814000.00 ns, 14.9660 us/op

// BeforeActualRun
WorkloadActual   1: 65536 op, 967549400.00 ns, 14.7636 us/op
WorkloadActual   2: 65536 op, 1000853800.00 ns, 15.2718 us/op
WorkloadActual   3: 65536 op, 990430200.00 ns, 15.1128 us/op
WorkloadActual   4: 65536 op, 1052535500.00 ns, 16.0604 us/op
WorkloadActual   5: 65536 op, 1007332200.00 ns, 15.3707 us/op
WorkloadActual   6: 65536 op, 988553800.00 ns, 15.0841 us/op
WorkloadActual   7: 65536 op, 991728800.00 ns, 15.1326 us/op
WorkloadActual   8: 65536 op, 1017320100.00 ns, 15.5231 us/op
WorkloadActual   9: 65536 op, 1049431700.00 ns, 16.0131 us/op
WorkloadActual  10: 65536 op, 1045598900.00 ns, 15.9546 us/op
WorkloadActual  11: 65536 op, 1039726500.00 ns, 15.8650 us/op
WorkloadActual  12: 65536 op, 1077364800.00 ns, 16.4393 us/op
WorkloadActual  13: 65536 op, 1126287300.00 ns, 17.1858 us/op
WorkloadActual  14: 65536 op, 973170500.00 ns, 14.8494 us/op
WorkloadActual  15: 65536 op, 900424500.00 ns, 13.7394 us/op
WorkloadActual  16: 65536 op, 1076479700.00 ns, 16.4258 us/op
WorkloadActual  17: 65536 op, 1035490100.00 ns, 15.8003 us/op
WorkloadActual  18: 65536 op, 1011502700.00 ns, 15.4343 us/op
WorkloadActual  19: 65536 op, 987240300.00 ns, 15.0641 us/op
WorkloadActual  20: 65536 op, 985689700.00 ns, 15.0404 us/op
WorkloadActual  21: 65536 op, 1012824700.00 ns, 15.4545 us/op
WorkloadActual  22: 65536 op, 988730800.00 ns, 15.0868 us/op
WorkloadActual  23: 65536 op, 990157300.00 ns, 15.1086 us/op
WorkloadActual  24: 65536 op, 1016458300.00 ns, 15.5099 us/op
WorkloadActual  25: 65536 op, 1012858200.00 ns, 15.4550 us/op
WorkloadActual  26: 65536 op, 1025537700.00 ns, 15.6485 us/op
WorkloadActual  27: 65536 op, 980287200.00 ns, 14.9580 us/op
WorkloadActual  28: 65536 op, 957081000.00 ns, 14.6039 us/op
WorkloadActual  29: 65536 op, 977037700.00 ns, 14.9084 us/op
WorkloadActual  30: 65536 op, 978026200.00 ns, 14.9235 us/op
WorkloadActual  31: 65536 op, 976407800.00 ns, 14.8988 us/op
WorkloadActual  32: 65536 op, 859405000.00 ns, 13.1135 us/op
WorkloadActual  33: 65536 op, 972580500.00 ns, 14.8404 us/op
WorkloadActual  34: 65536 op, 941416500.00 ns, 14.3649 us/op
WorkloadActual  35: 65536 op, 976677500.00 ns, 14.9029 us/op
WorkloadActual  36: 65536 op, 978208100.00 ns, 14.9263 us/op
WorkloadActual  37: 65536 op, 993839300.00 ns, 15.1648 us/op
WorkloadActual  38: 65536 op, 1011745800.00 ns, 15.4380 us/op
WorkloadActual  39: 65536 op, 984325400.00 ns, 15.0196 us/op
WorkloadActual  40: 65536 op, 972213100.00 ns, 14.8348 us/op
WorkloadActual  41: 65536 op, 968229000.00 ns, 14.7740 us/op
WorkloadActual  42: 65536 op, 961269600.00 ns, 14.6678 us/op
WorkloadActual  43: 65536 op, 1020502800.00 ns, 15.5716 us/op
WorkloadActual  44: 65536 op, 928388600.00 ns, 14.1661 us/op
WorkloadActual  45: 65536 op, 1041638500.00 ns, 15.8941 us/op
WorkloadActual  46: 65536 op, 984350800.00 ns, 15.0200 us/op
WorkloadActual  47: 65536 op, 988882600.00 ns, 15.0892 us/op
WorkloadActual  48: 65536 op, 1008869400.00 ns, 15.3941 us/op
WorkloadActual  49: 65536 op, 1018343300.00 ns, 15.5387 us/op
WorkloadActual  50: 65536 op, 1008154000.00 ns, 15.3832 us/op

// AfterActualRun
WorkloadResult   1: 65536 op, 967438950.00 ns, 14.7619 us/op
WorkloadResult   2: 65536 op, 1000743350.00 ns, 15.2701 us/op
WorkloadResult   3: 65536 op, 990319750.00 ns, 15.1111 us/op
WorkloadResult   4: 65536 op, 1052425050.00 ns, 16.0587 us/op
WorkloadResult   5: 65536 op, 1007221750.00 ns, 15.3690 us/op
WorkloadResult   6: 65536 op, 988443350.00 ns, 15.0824 us/op
WorkloadResult   7: 65536 op, 991618350.00 ns, 15.1309 us/op
WorkloadResult   8: 65536 op, 1017209650.00 ns, 15.5214 us/op
WorkloadResult   9: 65536 op, 1049321250.00 ns, 16.0114 us/op
WorkloadResult  10: 65536 op, 1045488450.00 ns, 15.9529 us/op
WorkloadResult  11: 65536 op, 1039616050.00 ns, 15.8633 us/op
WorkloadResult  12: 65536 op, 1077254350.00 ns, 16.4376 us/op
WorkloadResult  13: 65536 op, 973060050.00 ns, 14.8477 us/op
WorkloadResult  14: 65536 op, 900314050.00 ns, 13.7377 us/op
WorkloadResult  15: 65536 op, 1076369250.00 ns, 16.4241 us/op
WorkloadResult  16: 65536 op, 1035379650.00 ns, 15.7986 us/op
WorkloadResult  17: 65536 op, 1011392250.00 ns, 15.4326 us/op
WorkloadResult  18: 65536 op, 987129850.00 ns, 15.0624 us/op
WorkloadResult  19: 65536 op, 985579250.00 ns, 15.0387 us/op
WorkloadResult  20: 65536 op, 1012714250.00 ns, 15.4528 us/op
WorkloadResult  21: 65536 op, 988620350.00 ns, 15.0851 us/op
WorkloadResult  22: 65536 op, 990046850.00 ns, 15.1069 us/op
WorkloadResult  23: 65536 op, 1016347850.00 ns, 15.5082 us/op
WorkloadResult  24: 65536 op, 1012747750.00 ns, 15.4533 us/op
WorkloadResult  25: 65536 op, 1025427250.00 ns, 15.6468 us/op
WorkloadResult  26: 65536 op, 980176750.00 ns, 14.9563 us/op
WorkloadResult  27: 65536 op, 956970550.00 ns, 14.6022 us/op
WorkloadResult  28: 65536 op, 976927250.00 ns, 14.9067 us/op
WorkloadResult  29: 65536 op, 977915750.00 ns, 14.9218 us/op
WorkloadResult  30: 65536 op, 976297350.00 ns, 14.8971 us/op
WorkloadResult  31: 65536 op, 859294550.00 ns, 13.1118 us/op
WorkloadResult  32: 65536 op, 972470050.00 ns, 14.8387 us/op
WorkloadResult  33: 65536 op, 941306050.00 ns, 14.3632 us/op
WorkloadResult  34: 65536 op, 976567050.00 ns, 14.9012 us/op
WorkloadResult  35: 65536 op, 978097650.00 ns, 14.9246 us/op
WorkloadResult  36: 65536 op, 993728850.00 ns, 15.1631 us/op
WorkloadResult  37: 65536 op, 1011635350.00 ns, 15.4363 us/op
WorkloadResult  38: 65536 op, 984214950.00 ns, 15.0179 us/op
WorkloadResult  39: 65536 op, 972102650.00 ns, 14.8331 us/op
WorkloadResult  40: 65536 op, 968118550.00 ns, 14.7723 us/op
WorkloadResult  41: 65536 op, 961159150.00 ns, 14.6661 us/op
WorkloadResult  42: 65536 op, 1020392350.00 ns, 15.5700 us/op
WorkloadResult  43: 65536 op, 928278150.00 ns, 14.1644 us/op
WorkloadResult  44: 65536 op, 1041528050.00 ns, 15.8925 us/op
WorkloadResult  45: 65536 op, 984240350.00 ns, 15.0183 us/op
WorkloadResult  46: 65536 op, 988772150.00 ns, 15.0875 us/op
WorkloadResult  47: 65536 op, 1008758950.00 ns, 15.3924 us/op
WorkloadResult  48: 65536 op, 1018232850.00 ns, 15.5370 us/op
WorkloadResult  49: 65536 op, 1008043550.00 ns, 15.3815 us/op
// GC:  2 0 0 33554544 65536
// Threading:  0 0 65536

// AfterAll
// Benchmark Process 31956 has exited with code 0.

Mean = 15.174 μs, StdErr = 0.086 μs (0.57%), N = 49, StdDev = 0.605 μs
Min = 13.112 μs, Q1 = 14.901 μs, Median = 15.107 μs, Q3 = 15.508 μs, Max = 16.438 μs
IQR = 0.607 μs, LowerFence = 13.991 μs, UpperFence = 16.419 μs
ConfidenceInterval = [14.871 μs; 15.477 μs] (CI 99.9%), Margin = 0.303 μs (2.00% of Mean)
Skewness = -0.64, Kurtosis = 4.78, MValue = 2

// ** Remained 2 (50.0%) benchmark(s) to run. Estimated finish 2026-05-13 20:35 (0h 2m from now) **
Setup power plan (GUID: 8c5e7fda-e8bf-4a96-9a85-a6e23a8c635c FriendlyName: High performance)
// **************************
// Benchmark: HostFfiBenchmarks.SubmitRequestServerPack1kJson: DefaultJob
// *** Execute ***
// Launch: 1 / 1
// Execute: dotnet 5539d851-6515-44b0-81ec-493213aa8d7e.dll --anonymousPipes 11536 10848 --benchmarkName HostFfiBenchmarks.SubmitRequestServerPack1kJson --job Default --benchmarkId 2 in C:\Users\bgstr\source\repos\activesync\dotnet-host\bench\ActiveSync.DotNetHost.Benchmarks\bin\Release\net10.0\5539d851-6515-44b0-81ec-493213aa8d7e\bin\Release\net10.0
// BeforeAnythingElse

// Benchmark Process Environment Information:
// BenchmarkDotNet v0.14.0
// Runtime=.NET 10.0.4 (10.0.426.12010), X64 RyuJIT AVX2
// GC=Concurrent Workstation
// HardwareIntrinsics=AVX2,AES,BMI1,BMI2,FMA,LZCNT,PCLMUL,POPCNT VectorSize=256
// Job: DefaultJob

OverheadJitting  1: 1 op, 255400.00 ns, 255.4000 us/op
WorkloadJitting  1: 1 op, 510800.00 ns, 510.8000 us/op

OverheadJitting  2: 16 op, 434800.00 ns, 27.1750 us/op
WorkloadJitting  2: 16 op, 517400.00 ns, 32.3375 us/op

WorkloadPilot    1: 16 op, 224100.00 ns, 14.0063 us/op
WorkloadPilot    2: 32 op, 424200.00 ns, 13.2563 us/op
WorkloadPilot    3: 64 op, 814400.00 ns, 12.7250 us/op
WorkloadPilot    4: 128 op, 1754800.00 ns, 13.7094 us/op
WorkloadPilot    5: 256 op, 3373000.00 ns, 13.1758 us/op
WorkloadPilot    6: 512 op, 7382700.00 ns, 14.4193 us/op
WorkloadPilot    7: 1024 op, 12983400.00 ns, 12.6791 us/op
WorkloadPilot    8: 2048 op, 26865400.00 ns, 13.1179 us/op
WorkloadPilot    9: 4096 op, 60916000.00 ns, 14.8721 us/op
WorkloadPilot   10: 8192 op, 109407000.00 ns, 13.3553 us/op
WorkloadPilot   11: 16384 op, 266070000.00 ns, 16.2396 us/op
WorkloadPilot   12: 32768 op, 467099000.00 ns, 14.2547 us/op
WorkloadPilot   13: 65536 op, 958649900.00 ns, 14.6278 us/op

OverheadWarmup   1: 65536 op, 106400.00 ns, 1.6235 ns/op
OverheadWarmup   2: 65536 op, 105600.00 ns, 1.6113 ns/op
OverheadWarmup   3: 65536 op, 106400.00 ns, 1.6235 ns/op
OverheadWarmup   4: 65536 op, 105500.00 ns, 1.6098 ns/op
OverheadWarmup   5: 65536 op, 105500.00 ns, 1.6098 ns/op
OverheadWarmup   6: 65536 op, 220300.00 ns, 3.3615 ns/op

OverheadActual   1: 65536 op, 105400.00 ns, 1.6083 ns/op
OverheadActual   2: 65536 op, 105900.00 ns, 1.6159 ns/op
OverheadActual   3: 65536 op, 105900.00 ns, 1.6159 ns/op
OverheadActual   4: 65536 op, 105400.00 ns, 1.6083 ns/op
OverheadActual   5: 65536 op, 131900.00 ns, 2.0126 ns/op
OverheadActual   6: 65536 op, 105300.00 ns, 1.6068 ns/op
OverheadActual   7: 65536 op, 105400.00 ns, 1.6083 ns/op
OverheadActual   8: 65536 op, 106300.00 ns, 1.6220 ns/op
OverheadActual   9: 65536 op, 106100.00 ns, 1.6190 ns/op
OverheadActual  10: 65536 op, 106200.00 ns, 1.6205 ns/op
OverheadActual  11: 65536 op, 105400.00 ns, 1.6083 ns/op
OverheadActual  12: 65536 op, 105500.00 ns, 1.6098 ns/op
OverheadActual  13: 65536 op, 105600.00 ns, 1.6113 ns/op
OverheadActual  14: 65536 op, 107200.00 ns, 1.6357 ns/op
OverheadActual  15: 65536 op, 115700.00 ns, 1.7654 ns/op

WorkloadWarmup   1: 65536 op, 819125900.00 ns, 12.4989 us/op
WorkloadWarmup   2: 65536 op, 1134352700.00 ns, 17.3088 us/op
WorkloadWarmup   3: 65536 op, 1123613500.00 ns, 17.1450 us/op
WorkloadWarmup   4: 65536 op, 1025102300.00 ns, 15.6418 us/op
WorkloadWarmup   5: 65536 op, 1051049800.00 ns, 16.0377 us/op
WorkloadWarmup   6: 65536 op, 1094377200.00 ns, 16.6989 us/op
WorkloadWarmup   7: 65536 op, 1137535500.00 ns, 17.3574 us/op
WorkloadWarmup   8: 65536 op, 1181753400.00 ns, 18.0321 us/op
WorkloadWarmup   9: 65536 op, 1176152000.00 ns, 17.9467 us/op

// BeforeActualRun
WorkloadActual   1: 65536 op, 1182020700.00 ns, 18.0362 us/op
WorkloadActual   2: 65536 op, 1137020800.00 ns, 17.3496 us/op
WorkloadActual   3: 65536 op, 1163750500.00 ns, 17.7574 us/op
WorkloadActual   4: 65536 op, 1100313500.00 ns, 16.7895 us/op
WorkloadActual   5: 65536 op, 1201778000.00 ns, 18.3377 us/op
WorkloadActual   6: 65536 op, 1273755500.00 ns, 19.4360 us/op
WorkloadActual   7: 65536 op, 1169221300.00 ns, 17.8409 us/op
WorkloadActual   8: 65536 op, 1243364200.00 ns, 18.9722 us/op
WorkloadActual   9: 65536 op, 1279040800.00 ns, 19.5166 us/op
WorkloadActual  10: 65536 op, 1193370600.00 ns, 18.2094 us/op
WorkloadActual  11: 65536 op, 1108767800.00 ns, 16.9185 us/op
WorkloadActual  12: 65536 op, 1144508900.00 ns, 17.4638 us/op
WorkloadActual  13: 65536 op, 1015580400.00 ns, 15.4965 us/op
WorkloadActual  14: 65536 op, 933722400.00 ns, 14.2475 us/op
WorkloadActual  15: 65536 op, 942537300.00 ns, 14.3820 us/op
WorkloadActual  16: 65536 op, 1013104800.00 ns, 15.4588 us/op
WorkloadActual  17: 65536 op, 987005000.00 ns, 15.0605 us/op
WorkloadActual  18: 65536 op, 1155080900.00 ns, 17.6251 us/op
WorkloadActual  19: 65536 op, 1600001000.00 ns, 24.4141 us/op
WorkloadActual  20: 65536 op, 1012949600.00 ns, 15.4564 us/op
WorkloadActual  21: 65536 op, 962890400.00 ns, 14.6925 us/op
WorkloadActual  22: 65536 op, 994892700.00 ns, 15.1809 us/op
WorkloadActual  23: 65536 op, 1094514100.00 ns, 16.7010 us/op
WorkloadActual  24: 65536 op, 1131077900.00 ns, 17.2589 us/op
WorkloadActual  25: 65536 op, 1160918400.00 ns, 17.7142 us/op
WorkloadActual  26: 65536 op, 1017622400.00 ns, 15.5277 us/op
WorkloadActual  27: 65536 op, 970764900.00 ns, 14.8127 us/op
WorkloadActual  28: 65536 op, 981399500.00 ns, 14.9750 us/op
WorkloadActual  29: 65536 op, 963230600.00 ns, 14.6977 us/op
WorkloadActual  30: 65536 op, 984270300.00 ns, 15.0188 us/op
WorkloadActual  31: 65536 op, 968163100.00 ns, 14.7730 us/op
WorkloadActual  32: 65536 op, 885743300.00 ns, 13.5154 us/op
WorkloadActual  33: 65536 op, 974608200.00 ns, 14.8713 us/op
WorkloadActual  34: 65536 op, 911298900.00 ns, 13.9053 us/op
WorkloadActual  35: 65536 op, 981843100.00 ns, 14.9817 us/op
WorkloadActual  36: 65536 op, 907886500.00 ns, 13.8532 us/op
WorkloadActual  37: 65536 op, 899822800.00 ns, 13.7302 us/op
WorkloadActual  38: 65536 op, 960320900.00 ns, 14.6533 us/op
WorkloadActual  39: 65536 op, 1001816000.00 ns, 15.2865 us/op
WorkloadActual  40: 65536 op, 889316700.00 ns, 13.5699 us/op
WorkloadActual  41: 65536 op, 889221600.00 ns, 13.5684 us/op
WorkloadActual  42: 65536 op, 948229400.00 ns, 14.4688 us/op
WorkloadActual  43: 65536 op, 891728100.00 ns, 13.6067 us/op
WorkloadActual  44: 65536 op, 953350900.00 ns, 14.5470 us/op
WorkloadActual  45: 65536 op, 930026200.00 ns, 14.1911 us/op
WorkloadActual  46: 65536 op, 897639700.00 ns, 13.6969 us/op
WorkloadActual  47: 65536 op, 1008498500.00 ns, 15.3885 us/op
WorkloadActual  48: 65536 op, 1003278900.00 ns, 15.3088 us/op
WorkloadActual  49: 65536 op, 982583900.00 ns, 14.9930 us/op
WorkloadActual  50: 65536 op, 954519500.00 ns, 14.5648 us/op
WorkloadActual  51: 65536 op, 970704100.00 ns, 14.8118 us/op
WorkloadActual  52: 65536 op, 972770700.00 ns, 14.8433 us/op
WorkloadActual  53: 65536 op, 946999900.00 ns, 14.4501 us/op
WorkloadActual  54: 65536 op, 952199700.00 ns, 14.5294 us/op
WorkloadActual  55: 65536 op, 951816500.00 ns, 14.5236 us/op
WorkloadActual  56: 65536 op, 1026044200.00 ns, 15.6562 us/op
WorkloadActual  57: 65536 op, 936067600.00 ns, 14.2833 us/op
WorkloadActual  58: 65536 op, 960782700.00 ns, 14.6604 us/op
WorkloadActual  59: 65536 op, 898391000.00 ns, 13.7084 us/op
WorkloadActual  60: 65536 op, 918935200.00 ns, 14.0218 us/op
WorkloadActual  61: 65536 op, 899463500.00 ns, 13.7247 us/op
WorkloadActual  62: 65536 op, 978412700.00 ns, 14.9294 us/op
WorkloadActual  63: 65536 op, 901371600.00 ns, 13.7538 us/op
WorkloadActual  64: 65536 op, 936091900.00 ns, 14.2836 us/op
WorkloadActual  65: 65536 op, 942303300.00 ns, 14.3784 us/op
WorkloadActual  66: 65536 op, 989930900.00 ns, 15.1051 us/op
WorkloadActual  67: 65536 op, 923332600.00 ns, 14.0889 us/op
WorkloadActual  68: 65536 op, 1018821300.00 ns, 15.5460 us/op
WorkloadActual  69: 65536 op, 1147849200.00 ns, 17.5148 us/op
WorkloadActual  70: 65536 op, 996345400.00 ns, 15.2030 us/op
WorkloadActual  71: 65536 op, 880016300.00 ns, 13.4280 us/op
WorkloadActual  72: 65536 op, 942736400.00 ns, 14.3850 us/op
WorkloadActual  73: 65536 op, 1037501900.00 ns, 15.8310 us/op
WorkloadActual  74: 65536 op, 893150100.00 ns, 13.6284 us/op
WorkloadActual  75: 65536 op, 1003156600.00 ns, 15.3070 us/op
WorkloadActual  76: 65536 op, 1034962800.00 ns, 15.7923 us/op
WorkloadActual  77: 65536 op, 996220600.00 ns, 15.2011 us/op
WorkloadActual  78: 65536 op, 982764800.00 ns, 14.9958 us/op
WorkloadActual  79: 65536 op, 1069925400.00 ns, 16.3258 us/op
WorkloadActual  80: 65536 op, 959664000.00 ns, 14.6433 us/op
WorkloadActual  81: 65536 op, 986356800.00 ns, 15.0506 us/op
WorkloadActual  82: 65536 op, 905738300.00 ns, 13.8205 us/op
WorkloadActual  83: 65536 op, 971010700.00 ns, 14.8164 us/op
WorkloadActual  84: 65536 op, 878703500.00 ns, 13.4080 us/op
WorkloadActual  85: 65536 op, 944914700.00 ns, 14.4183 us/op
WorkloadActual  86: 65536 op, 1026084200.00 ns, 15.6568 us/op
WorkloadActual  87: 65536 op, 978237200.00 ns, 14.9267 us/op
WorkloadActual  88: 65536 op, 928798100.00 ns, 14.1723 us/op
WorkloadActual  89: 65536 op, 1005788600.00 ns, 15.3471 us/op
WorkloadActual  90: 65536 op, 991188000.00 ns, 15.1243 us/op
WorkloadActual  91: 65536 op, 964725600.00 ns, 14.7205 us/op
WorkloadActual  92: 65536 op, 980032700.00 ns, 14.9541 us/op
WorkloadActual  93: 65536 op, 947565800.00 ns, 14.4587 us/op
WorkloadActual  94: 65536 op, 1117054200.00 ns, 17.0449 us/op
WorkloadActual  95: 65536 op, 997156500.00 ns, 15.2154 us/op
WorkloadActual  96: 65536 op, 1020119000.00 ns, 15.5658 us/op
WorkloadActual  97: 65536 op, 976768500.00 ns, 14.9043 us/op
WorkloadActual  98: 65536 op, 921298800.00 ns, 14.0579 us/op
WorkloadActual  99: 65536 op, 990530100.00 ns, 15.1143 us/op
WorkloadActual  100: 65536 op, 916854300.00 ns, 13.9901 us/op

// AfterActualRun
WorkloadResult   1: 65536 op, 1100207600.00 ns, 16.7878 us/op
WorkloadResult   2: 65536 op, 1108661900.00 ns, 16.9168 us/op
WorkloadResult   3: 65536 op, 1015474500.00 ns, 15.4949 us/op
WorkloadResult   4: 65536 op, 933616500.00 ns, 14.2459 us/op
WorkloadResult   5: 65536 op, 942431400.00 ns, 14.3804 us/op
WorkloadResult   6: 65536 op, 1012998900.00 ns, 15.4571 us/op
WorkloadResult   7: 65536 op, 986899100.00 ns, 15.0589 us/op
WorkloadResult   8: 65536 op, 1012843700.00 ns, 15.4548 us/op
WorkloadResult   9: 65536 op, 962784500.00 ns, 14.6909 us/op
WorkloadResult  10: 65536 op, 994786800.00 ns, 15.1792 us/op
WorkloadResult  11: 65536 op, 1094408200.00 ns, 16.6993 us/op
WorkloadResult  12: 65536 op, 1130972000.00 ns, 17.2573 us/op
WorkloadResult  13: 65536 op, 1017516500.00 ns, 15.5261 us/op
WorkloadResult  14: 65536 op, 970659000.00 ns, 14.8111 us/op
WorkloadResult  15: 65536 op, 981293600.00 ns, 14.9734 us/op
WorkloadResult  16: 65536 op, 963124700.00 ns, 14.6961 us/op
WorkloadResult  17: 65536 op, 984164400.00 ns, 15.0172 us/op
WorkloadResult  18: 65536 op, 968057200.00 ns, 14.7714 us/op
WorkloadResult  19: 65536 op, 885637400.00 ns, 13.5138 us/op
WorkloadResult  20: 65536 op, 974502300.00 ns, 14.8697 us/op
WorkloadResult  21: 65536 op, 911193000.00 ns, 13.9037 us/op
WorkloadResult  22: 65536 op, 981737200.00 ns, 14.9801 us/op
WorkloadResult  23: 65536 op, 907780600.00 ns, 13.8516 us/op
WorkloadResult  24: 65536 op, 899716900.00 ns, 13.7286 us/op
WorkloadResult  25: 65536 op, 960215000.00 ns, 14.6517 us/op
WorkloadResult  26: 65536 op, 1001710100.00 ns, 15.2849 us/op
WorkloadResult  27: 65536 op, 889210800.00 ns, 13.5683 us/op
WorkloadResult  28: 65536 op, 889115700.00 ns, 13.5668 us/op
WorkloadResult  29: 65536 op, 948123500.00 ns, 14.4672 us/op
WorkloadResult  30: 65536 op, 891622200.00 ns, 13.6051 us/op
WorkloadResult  31: 65536 op, 953245000.00 ns, 14.5454 us/op
WorkloadResult  32: 65536 op, 929920300.00 ns, 14.1895 us/op
WorkloadResult  33: 65536 op, 897533800.00 ns, 13.6953 us/op
WorkloadResult  34: 65536 op, 1008392600.00 ns, 15.3868 us/op
WorkloadResult  35: 65536 op, 1003173000.00 ns, 15.3072 us/op
WorkloadResult  36: 65536 op, 982478000.00 ns, 14.9914 us/op
WorkloadResult  37: 65536 op, 954413600.00 ns, 14.5632 us/op
WorkloadResult  38: 65536 op, 970598200.00 ns, 14.8102 us/op
WorkloadResult  39: 65536 op, 972664800.00 ns, 14.8417 us/op
WorkloadResult  40: 65536 op, 946894000.00 ns, 14.4485 us/op
WorkloadResult  41: 65536 op, 952093800.00 ns, 14.5278 us/op
WorkloadResult  42: 65536 op, 951710600.00 ns, 14.5220 us/op
WorkloadResult  43: 65536 op, 1025938300.00 ns, 15.6546 us/op
WorkloadResult  44: 65536 op, 935961700.00 ns, 14.2816 us/op
WorkloadResult  45: 65536 op, 960676800.00 ns, 14.6588 us/op
WorkloadResult  46: 65536 op, 898285100.00 ns, 13.7067 us/op
WorkloadResult  47: 65536 op, 918829300.00 ns, 14.0202 us/op
WorkloadResult  48: 65536 op, 899357600.00 ns, 13.7231 us/op
WorkloadResult  49: 65536 op, 978306800.00 ns, 14.9278 us/op
WorkloadResult  50: 65536 op, 901265700.00 ns, 13.7522 us/op
WorkloadResult  51: 65536 op, 935986000.00 ns, 14.2820 us/op
WorkloadResult  52: 65536 op, 942197400.00 ns, 14.3768 us/op
WorkloadResult  53: 65536 op, 989825000.00 ns, 15.1035 us/op
WorkloadResult  54: 65536 op, 923226700.00 ns, 14.0873 us/op
WorkloadResult  55: 65536 op, 1018715400.00 ns, 15.5444 us/op
WorkloadResult  56: 65536 op, 996239500.00 ns, 15.2014 us/op
WorkloadResult  57: 65536 op, 879910400.00 ns, 13.4264 us/op
WorkloadResult  58: 65536 op, 942630500.00 ns, 14.3834 us/op
WorkloadResult  59: 65536 op, 1037396000.00 ns, 15.8294 us/op
WorkloadResult  60: 65536 op, 893044200.00 ns, 13.6268 us/op
WorkloadResult  61: 65536 op, 1003050700.00 ns, 15.3053 us/op
WorkloadResult  62: 65536 op, 1034856900.00 ns, 15.7907 us/op
WorkloadResult  63: 65536 op, 996114700.00 ns, 15.1995 us/op
WorkloadResult  64: 65536 op, 982658900.00 ns, 14.9942 us/op
WorkloadResult  65: 65536 op, 1069819500.00 ns, 16.3242 us/op
WorkloadResult  66: 65536 op, 959558100.00 ns, 14.6417 us/op
WorkloadResult  67: 65536 op, 986250900.00 ns, 15.0490 us/op
WorkloadResult  68: 65536 op, 905632400.00 ns, 13.8189 us/op
WorkloadResult  69: 65536 op, 970904800.00 ns, 14.8148 us/op
WorkloadResult  70: 65536 op, 878597600.00 ns, 13.4063 us/op
WorkloadResult  71: 65536 op, 944808800.00 ns, 14.4166 us/op
WorkloadResult  72: 65536 op, 1025978300.00 ns, 15.6552 us/op
WorkloadResult  73: 65536 op, 978131300.00 ns, 14.9251 us/op
WorkloadResult  74: 65536 op, 928692200.00 ns, 14.1707 us/op
WorkloadResult  75: 65536 op, 1005682700.00 ns, 15.3455 us/op
WorkloadResult  76: 65536 op, 991082100.00 ns, 15.1227 us/op
WorkloadResult  77: 65536 op, 964619700.00 ns, 14.7189 us/op
WorkloadResult  78: 65536 op, 979926800.00 ns, 14.9525 us/op
WorkloadResult  79: 65536 op, 947459900.00 ns, 14.4571 us/op
WorkloadResult  80: 65536 op, 1116948300.00 ns, 17.0433 us/op
WorkloadResult  81: 65536 op, 997050600.00 ns, 15.2138 us/op
WorkloadResult  82: 65536 op, 1020013100.00 ns, 15.5642 us/op
WorkloadResult  83: 65536 op, 976662600.00 ns, 14.9027 us/op
WorkloadResult  84: 65536 op, 921192900.00 ns, 14.0563 us/op
WorkloadResult  85: 65536 op, 990424200.00 ns, 15.1127 us/op
WorkloadResult  86: 65536 op, 916748400.00 ns, 13.9885 us/op
// GC:  2 0 0 39322000 65536
// Threading:  0 0 65536

// AfterAll
// Benchmark Process 55284 has exited with code 0.

Mean = 14.800 μs, StdErr = 0.090 μs (0.61%), N = 86, StdDev = 0.839 μs
Min = 13.406 μs, Q1 = 14.255 μs, Median = 14.811 μs, Q3 = 15.211 μs, Max = 17.257 μs
IQR = 0.956 μs, LowerFence = 12.821 μs, UpperFence = 16.645 μs
ConfidenceInterval = [14.492 μs; 15.108 μs] (CI 99.9%), Margin = 0.308 μs (2.08% of Mean)
Skewness = 0.67, Kurtosis = 3.55, MValue = 2.36

// ** Remained 1 (25.0%) benchmark(s) to run. Estimated finish 2026-05-13 20:36 (0h 1m from now) **
Setup power plan (GUID: 8c5e7fda-e8bf-4a96-9a85-a6e23a8c635c FriendlyName: High performance)
// **************************
// Benchmark: HostFfiBenchmarks.SubmitBlobSet50KbJson: DefaultJob
// *** Execute ***
// Launch: 1 / 1
// Execute: dotnet 5539d851-6515-44b0-81ec-493213aa8d7e.dll --anonymousPipes 10844 8380 --benchmarkName HostFfiBenchmarks.SubmitBlobSet50KbJson --job Default --benchmarkId 3 in C:\Users\bgstr\source\repos\activesync\dotnet-host\bench\ActiveSync.DotNetHost.Benchmarks\bin\Release\net10.0\5539d851-6515-44b0-81ec-493213aa8d7e\bin\Release\net10.0
// BeforeAnythingElse

// Benchmark Process Environment Information:
// BenchmarkDotNet v0.14.0
// Runtime=.NET 10.0.4 (10.0.426.12010), X64 RyuJIT AVX2
// GC=Concurrent Workstation
// HardwareIntrinsics=AVX2,AES,BMI1,BMI2,FMA,LZCNT,PCLMUL,POPCNT VectorSize=256
// Job: DefaultJob

OverheadJitting  1: 1 op, 234500.00 ns, 234.5000 us/op
WorkloadJitting  1: 1 op, 600100.00 ns, 600.1000 us/op

OverheadJitting  2: 16 op, 285800.00 ns, 17.8625 us/op
WorkloadJitting  2: 16 op, 5094300.00 ns, 318.3938 us/op

WorkloadPilot    1: 16 op, 4837900.00 ns, 302.3688 us/op
WorkloadPilot    2: 32 op, 9514400.00 ns, 297.3250 us/op
WorkloadPilot    3: 64 op, 19113700.00 ns, 298.6516 us/op
WorkloadPilot    4: 128 op, 37807600.00 ns, 295.3719 us/op
WorkloadPilot    5: 256 op, 76680800.00 ns, 299.5344 us/op
WorkloadPilot    6: 512 op, 152531500.00 ns, 297.9131 us/op
WorkloadPilot    7: 1024 op, 312559200.00 ns, 305.2336 us/op
WorkloadPilot    8: 2048 op, 643159100.00 ns, 314.0425 us/op

OverheadWarmup   1: 2048 op, 5400.00 ns, 2.6367 ns/op
OverheadWarmup   2: 2048 op, 3900.00 ns, 1.9043 ns/op
OverheadWarmup   3: 2048 op, 3600.00 ns, 1.7578 ns/op
OverheadWarmup   4: 2048 op, 6000.00 ns, 2.9297 ns/op
OverheadWarmup   5: 2048 op, 3800.00 ns, 1.8555 ns/op
OverheadWarmup   6: 2048 op, 5200.00 ns, 2.5391 ns/op
OverheadWarmup   7: 2048 op, 4400.00 ns, 2.1484 ns/op

OverheadActual   1: 2048 op, 5400.00 ns, 2.6367 ns/op
OverheadActual   2: 2048 op, 3600.00 ns, 1.7578 ns/op
OverheadActual   3: 2048 op, 4400.00 ns, 2.1484 ns/op
OverheadActual   4: 2048 op, 3700.00 ns, 1.8066 ns/op
OverheadActual   5: 2048 op, 3600.00 ns, 1.7578 ns/op
OverheadActual   6: 2048 op, 3600.00 ns, 1.7578 ns/op
OverheadActual   7: 2048 op, 3500.00 ns, 1.7090 ns/op
OverheadActual   8: 2048 op, 3600.00 ns, 1.7578 ns/op
OverheadActual   9: 2048 op, 3500.00 ns, 1.7090 ns/op
OverheadActual  10: 2048 op, 3600.00 ns, 1.7578 ns/op
OverheadActual  11: 2048 op, 3500.00 ns, 1.7090 ns/op
OverheadActual  12: 2048 op, 3600.00 ns, 1.7578 ns/op
OverheadActual  13: 2048 op, 3400.00 ns, 1.6602 ns/op
OverheadActual  14: 2048 op, 3500.00 ns, 1.7090 ns/op
OverheadActual  15: 2048 op, 11800.00 ns, 5.7617 ns/op

WorkloadWarmup   1: 2048 op, 640956000.00 ns, 312.9668 us/op
WorkloadWarmup   2: 2048 op, 614139600.00 ns, 299.8729 us/op
WorkloadWarmup   3: 2048 op, 647634000.00 ns, 316.2275 us/op
WorkloadWarmup   4: 2048 op, 719741800.00 ns, 351.4364 us/op
WorkloadWarmup   5: 2048 op, 685840800.00 ns, 334.8832 us/op
WorkloadWarmup   6: 2048 op, 716148800.00 ns, 349.6820 us/op
WorkloadWarmup   7: 2048 op, 692093300.00 ns, 337.9362 us/op

// BeforeActualRun
WorkloadActual   1: 2048 op, 627933300.00 ns, 306.6081 us/op
WorkloadActual   2: 2048 op, 682618600.00 ns, 333.3099 us/op
WorkloadActual   3: 2048 op, 775156100.00 ns, 378.4942 us/op
WorkloadActual   4: 2048 op, 689876500.00 ns, 336.8538 us/op
WorkloadActual   5: 2048 op, 767227400.00 ns, 374.6228 us/op
WorkloadActual   6: 2048 op, 698733000.00 ns, 341.1782 us/op
WorkloadActual   7: 2048 op, 726337700.00 ns, 354.6571 us/op
WorkloadActual   8: 2048 op, 661331200.00 ns, 322.9156 us/op
WorkloadActual   9: 2048 op, 726263700.00 ns, 354.6209 us/op
WorkloadActual  10: 2048 op, 692607700.00 ns, 338.1874 us/op
WorkloadActual  11: 2048 op, 761709500.00 ns, 371.9285 us/op
WorkloadActual  12: 2048 op, 739888400.00 ns, 361.2736 us/op
WorkloadActual  13: 2048 op, 792059400.00 ns, 386.7478 us/op
WorkloadActual  14: 2048 op, 772798700.00 ns, 377.3431 us/op
WorkloadActual  15: 2048 op, 652493100.00 ns, 318.6001 us/op
WorkloadActual  16: 2048 op, 731487700.00 ns, 357.1717 us/op
WorkloadActual  17: 2048 op, 761508800.00 ns, 371.8305 us/op
WorkloadActual  18: 2048 op, 820997600.00 ns, 400.8777 us/op
WorkloadActual  19: 2048 op, 755074700.00 ns, 368.6888 us/op
WorkloadActual  20: 2048 op, 728548000.00 ns, 355.7363 us/op
WorkloadActual  21: 2048 op, 677776500.00 ns, 330.9456 us/op
WorkloadActual  22: 2048 op, 738355600.00 ns, 360.5252 us/op
WorkloadActual  23: 2048 op, 669894100.00 ns, 327.0967 us/op
WorkloadActual  24: 2048 op, 731245800.00 ns, 357.0536 us/op
WorkloadActual  25: 2048 op, 745591100.00 ns, 364.0582 us/op
WorkloadActual  26: 2048 op, 795145300.00 ns, 388.2545 us/op
WorkloadActual  27: 2048 op, 754997100.00 ns, 368.6509 us/op
WorkloadActual  28: 2048 op, 789289000.00 ns, 385.3950 us/op
WorkloadActual  29: 2048 op, 879650500.00 ns, 429.5168 us/op
WorkloadActual  30: 2048 op, 924846500.00 ns, 451.5852 us/op
WorkloadActual  31: 2048 op, 805841400.00 ns, 393.4772 us/op
WorkloadActual  32: 2048 op, 695151600.00 ns, 339.4295 us/op
WorkloadActual  33: 2048 op, 650335000.00 ns, 317.5464 us/op
WorkloadActual  34: 2048 op, 702548200.00 ns, 343.0411 us/op
WorkloadActual  35: 2048 op, 762670300.00 ns, 372.3976 us/op
WorkloadActual  36: 2048 op, 694851900.00 ns, 339.2832 us/op
WorkloadActual  37: 2048 op, 716882300.00 ns, 350.0402 us/op
WorkloadActual  38: 2048 op, 765027100.00 ns, 373.5484 us/op
WorkloadActual  39: 2048 op, 720473900.00 ns, 351.7939 us/op
WorkloadActual  40: 2048 op, 885150200.00 ns, 432.2022 us/op
WorkloadActual  41: 2048 op, 686284100.00 ns, 335.0997 us/op
WorkloadActual  42: 2048 op, 708238900.00 ns, 345.8198 us/op
WorkloadActual  43: 2048 op, 687083400.00 ns, 335.4899 us/op
WorkloadActual  44: 2048 op, 819573300.00 ns, 400.1823 us/op
WorkloadActual  45: 2048 op, 710403600.00 ns, 346.8768 us/op
WorkloadActual  46: 2048 op, 699544300.00 ns, 341.5744 us/op
WorkloadActual  47: 2048 op, 702827300.00 ns, 343.1774 us/op
WorkloadActual  48: 2048 op, 657910100.00 ns, 321.2452 us/op
WorkloadActual  49: 2048 op, 714658300.00 ns, 348.9542 us/op
WorkloadActual  50: 2048 op, 658913400.00 ns, 321.7351 us/op
WorkloadActual  51: 2048 op, 743490200.00 ns, 363.0323 us/op
WorkloadActual  52: 2048 op, 761596000.00 ns, 371.8730 us/op
WorkloadActual  53: 2048 op, 645155800.00 ns, 315.0175 us/op
WorkloadActual  54: 2048 op, 698721900.00 ns, 341.1728 us/op
WorkloadActual  55: 2048 op, 720235200.00 ns, 351.6773 us/op
WorkloadActual  56: 2048 op, 669938400.00 ns, 327.1184 us/op
WorkloadActual  57: 2048 op, 654098100.00 ns, 319.3838 us/op
WorkloadActual  58: 2048 op, 712950800.00 ns, 348.1205 us/op
WorkloadActual  59: 2048 op, 693473000.00 ns, 338.6099 us/op
WorkloadActual  60: 2048 op, 678455100.00 ns, 331.2769 us/op
WorkloadActual  61: 2048 op, 708693800.00 ns, 346.0419 us/op
WorkloadActual  62: 2048 op, 730419600.00 ns, 356.6502 us/op
WorkloadActual  63: 2048 op, 731905800.00 ns, 357.3759 us/op
WorkloadActual  64: 2048 op, 732044500.00 ns, 357.4436 us/op
WorkloadActual  65: 2048 op, 707278200.00 ns, 345.3507 us/op
WorkloadActual  66: 2048 op, 728969900.00 ns, 355.9423 us/op
WorkloadActual  67: 2048 op, 739900000.00 ns, 361.2793 us/op
WorkloadActual  68: 2048 op, 770627300.00 ns, 376.2829 us/op
WorkloadActual  69: 2048 op, 918959800.00 ns, 448.7108 us/op
WorkloadActual  70: 2048 op, 861921000.00 ns, 420.8599 us/op
WorkloadActual  71: 2048 op, 818334000.00 ns, 399.5771 us/op
WorkloadActual  72: 2048 op, 737312900.00 ns, 360.0161 us/op
WorkloadActual  73: 2048 op, 826873100.00 ns, 403.7466 us/op
WorkloadActual  74: 2048 op, 791933800.00 ns, 386.6864 us/op
WorkloadActual  75: 2048 op, 660461100.00 ns, 322.4908 us/op
WorkloadActual  76: 2048 op, 771932300.00 ns, 376.9201 us/op
WorkloadActual  77: 2048 op, 830869800.00 ns, 405.6981 us/op
WorkloadActual  78: 2048 op, 776562800.00 ns, 379.1811 us/op
WorkloadActual  79: 2048 op, 706503100.00 ns, 344.9722 us/op
WorkloadActual  80: 2048 op, 815472100.00 ns, 398.1797 us/op
WorkloadActual  81: 2048 op, 876378200.00 ns, 427.9190 us/op
WorkloadActual  82: 2048 op, 871203700.00 ns, 425.3924 us/op
WorkloadActual  83: 2048 op, 743628700.00 ns, 363.1000 us/op
WorkloadActual  84: 2048 op, 780163900.00 ns, 380.9394 us/op
WorkloadActual  85: 2048 op, 788441700.00 ns, 384.9813 us/op
WorkloadActual  86: 2048 op, 686146500.00 ns, 335.0325 us/op
WorkloadActual  87: 2048 op, 701375900.00 ns, 342.4687 us/op
WorkloadActual  88: 2048 op, 708687900.00 ns, 346.0390 us/op
WorkloadActual  89: 2048 op, 833689700.00 ns, 407.0750 us/op
WorkloadActual  90: 2048 op, 711934100.00 ns, 347.6241 us/op
WorkloadActual  91: 2048 op, 679339400.00 ns, 331.7087 us/op
WorkloadActual  92: 2048 op, 829718400.00 ns, 405.1359 us/op
WorkloadActual  93: 2048 op, 773270100.00 ns, 377.5733 us/op
WorkloadActual  94: 2048 op, 849403500.00 ns, 414.7478 us/op
WorkloadActual  95: 2048 op, 703879900.00 ns, 343.6914 us/op
WorkloadActual  96: 2048 op, 650950800.00 ns, 317.8471 us/op
WorkloadActual  97: 2048 op, 726437200.00 ns, 354.7057 us/op
WorkloadActual  98: 2048 op, 837845100.00 ns, 409.1041 us/op
WorkloadActual  99: 2048 op, 690501600.00 ns, 337.1590 us/op
WorkloadActual  100: 2048 op, 777132900.00 ns, 379.4594 us/op

// AfterActualRun
WorkloadResult   1: 2048 op, 627929700.00 ns, 306.6063 us/op
WorkloadResult   2: 2048 op, 682615000.00 ns, 333.3081 us/op
WorkloadResult   3: 2048 op, 775152500.00 ns, 378.4924 us/op
WorkloadResult   4: 2048 op, 689872900.00 ns, 336.8520 us/op
WorkloadResult   5: 2048 op, 767223800.00 ns, 374.6210 us/op
WorkloadResult   6: 2048 op, 698729400.00 ns, 341.1765 us/op
WorkloadResult   7: 2048 op, 726334100.00 ns, 354.6553 us/op
WorkloadResult   8: 2048 op, 661327600.00 ns, 322.9139 us/op
WorkloadResult   9: 2048 op, 726260100.00 ns, 354.6192 us/op
WorkloadResult  10: 2048 op, 692604100.00 ns, 338.1856 us/op
WorkloadResult  11: 2048 op, 761705900.00 ns, 371.9267 us/op
WorkloadResult  12: 2048 op, 739884800.00 ns, 361.2719 us/op
WorkloadResult  13: 2048 op, 792055800.00 ns, 386.7460 us/op
WorkloadResult  14: 2048 op, 772795100.00 ns, 377.3414 us/op
WorkloadResult  15: 2048 op, 652489500.00 ns, 318.5984 us/op
WorkloadResult  16: 2048 op, 731484100.00 ns, 357.1700 us/op
WorkloadResult  17: 2048 op, 761505200.00 ns, 371.8287 us/op
WorkloadResult  18: 2048 op, 820994000.00 ns, 400.8760 us/op
WorkloadResult  19: 2048 op, 755071100.00 ns, 368.6871 us/op
WorkloadResult  20: 2048 op, 728544400.00 ns, 355.7346 us/op
WorkloadResult  21: 2048 op, 677772900.00 ns, 330.9438 us/op
WorkloadResult  22: 2048 op, 738352000.00 ns, 360.5234 us/op
WorkloadResult  23: 2048 op, 669890500.00 ns, 327.0950 us/op
WorkloadResult  24: 2048 op, 731242200.00 ns, 357.0519 us/op
WorkloadResult  25: 2048 op, 745587500.00 ns, 364.0564 us/op
WorkloadResult  26: 2048 op, 795141700.00 ns, 388.2528 us/op
WorkloadResult  27: 2048 op, 754993500.00 ns, 368.6492 us/op
WorkloadResult  28: 2048 op, 789285400.00 ns, 385.3933 us/op
WorkloadResult  29: 2048 op, 879646900.00 ns, 429.5151 us/op
WorkloadResult  30: 2048 op, 805837800.00 ns, 393.4755 us/op
WorkloadResult  31: 2048 op, 695148000.00 ns, 339.4277 us/op
WorkloadResult  32: 2048 op, 650331400.00 ns, 317.5446 us/op
WorkloadResult  33: 2048 op, 702544600.00 ns, 343.0394 us/op
WorkloadResult  34: 2048 op, 762666700.00 ns, 372.3958 us/op
WorkloadResult  35: 2048 op, 694848300.00 ns, 339.2814 us/op
WorkloadResult  36: 2048 op, 716878700.00 ns, 350.0384 us/op
WorkloadResult  37: 2048 op, 765023500.00 ns, 373.5466 us/op
WorkloadResult  38: 2048 op, 720470300.00 ns, 351.7921 us/op
WorkloadResult  39: 2048 op, 885146600.00 ns, 432.2005 us/op
WorkloadResult  40: 2048 op, 686280500.00 ns, 335.0979 us/op
WorkloadResult  41: 2048 op, 708235300.00 ns, 345.8180 us/op
WorkloadResult  42: 2048 op, 687079800.00 ns, 335.4882 us/op
WorkloadResult  43: 2048 op, 819569700.00 ns, 400.1805 us/op
WorkloadResult  44: 2048 op, 710400000.00 ns, 346.8750 us/op
WorkloadResult  45: 2048 op, 699540700.00 ns, 341.5726 us/op
WorkloadResult  46: 2048 op, 702823700.00 ns, 343.1756 us/op
WorkloadResult  47: 2048 op, 657906500.00 ns, 321.2434 us/op
WorkloadResult  48: 2048 op, 714654700.00 ns, 348.9525 us/op
WorkloadResult  49: 2048 op, 658909800.00 ns, 321.7333 us/op
WorkloadResult  50: 2048 op, 743486600.00 ns, 363.0306 us/op
WorkloadResult  51: 2048 op, 761592400.00 ns, 371.8713 us/op
WorkloadResult  52: 2048 op, 645152200.00 ns, 315.0157 us/op
WorkloadResult  53: 2048 op, 698718300.00 ns, 341.1710 us/op
WorkloadResult  54: 2048 op, 720231600.00 ns, 351.6756 us/op
WorkloadResult  55: 2048 op, 669934800.00 ns, 327.1166 us/op
WorkloadResult  56: 2048 op, 654094500.00 ns, 319.3821 us/op
WorkloadResult  57: 2048 op, 712947200.00 ns, 348.1188 us/op
WorkloadResult  58: 2048 op, 693469400.00 ns, 338.6081 us/op
WorkloadResult  59: 2048 op, 678451500.00 ns, 331.2751 us/op
WorkloadResult  60: 2048 op, 708690200.00 ns, 346.0401 us/op
WorkloadResult  61: 2048 op, 730416000.00 ns, 356.6484 us/op
WorkloadResult  62: 2048 op, 731902200.00 ns, 357.3741 us/op
WorkloadResult  63: 2048 op, 732040900.00 ns, 357.4418 us/op
WorkloadResult  64: 2048 op, 707274600.00 ns, 345.3489 us/op
WorkloadResult  65: 2048 op, 728966300.00 ns, 355.9406 us/op
WorkloadResult  66: 2048 op, 739896400.00 ns, 361.2775 us/op
WorkloadResult  67: 2048 op, 770623700.00 ns, 376.2811 us/op
WorkloadResult  68: 2048 op, 861917400.00 ns, 420.8581 us/op
WorkloadResult  69: 2048 op, 818330400.00 ns, 399.5754 us/op
WorkloadResult  70: 2048 op, 737309300.00 ns, 360.0143 us/op
WorkloadResult  71: 2048 op, 826869500.00 ns, 403.7449 us/op
WorkloadResult  72: 2048 op, 791930200.00 ns, 386.6847 us/op
WorkloadResult  73: 2048 op, 660457500.00 ns, 322.4890 us/op
WorkloadResult  74: 2048 op, 771928700.00 ns, 376.9183 us/op
WorkloadResult  75: 2048 op, 830866200.00 ns, 405.6964 us/op
WorkloadResult  76: 2048 op, 776559200.00 ns, 379.1793 us/op
WorkloadResult  77: 2048 op, 706499500.00 ns, 344.9705 us/op
WorkloadResult  78: 2048 op, 815468500.00 ns, 398.1780 us/op
WorkloadResult  79: 2048 op, 876374600.00 ns, 427.9173 us/op
WorkloadResult  80: 2048 op, 871200100.00 ns, 425.3907 us/op
WorkloadResult  81: 2048 op, 743625100.00 ns, 363.0982 us/op
WorkloadResult  82: 2048 op, 780160300.00 ns, 380.9376 us/op
WorkloadResult  83: 2048 op, 788438100.00 ns, 384.9795 us/op
WorkloadResult  84: 2048 op, 686142900.00 ns, 335.0307 us/op
WorkloadResult  85: 2048 op, 701372300.00 ns, 342.4669 us/op
WorkloadResult  86: 2048 op, 708684300.00 ns, 346.0373 us/op
WorkloadResult  87: 2048 op, 833686100.00 ns, 407.0733 us/op
WorkloadResult  88: 2048 op, 711930500.00 ns, 347.6223 us/op
WorkloadResult  89: 2048 op, 679335800.00 ns, 331.7069 us/op
WorkloadResult  90: 2048 op, 829714800.00 ns, 405.1342 us/op
WorkloadResult  91: 2048 op, 773266500.00 ns, 377.5715 us/op
WorkloadResult  92: 2048 op, 849399900.00 ns, 414.7460 us/op
WorkloadResult  93: 2048 op, 703876300.00 ns, 343.6896 us/op
WorkloadResult  94: 2048 op, 650947200.00 ns, 317.8453 us/op
WorkloadResult  95: 2048 op, 726433600.00 ns, 354.7039 us/op
WorkloadResult  96: 2048 op, 837841500.00 ns, 409.1023 us/op
WorkloadResult  97: 2048 op, 690498000.00 ns, 337.1572 us/op
WorkloadResult  98: 2048 op, 777129300.00 ns, 379.4577 us/op
// GC:  8 0 0 140853648 2048
// Threading:  0 0 2048

// AfterAll
// Benchmark Process 2528 has exited with code 0.

Mean = 360.914 μs, StdErr = 2.951 μs (0.82%), N = 98, StdDev = 29.217 μs
Min = 306.606 μs, Q1 = 339.864 μs, Median = 356.295 μs, Q3 = 378.262 μs, Max = 432.200 μs
IQR = 38.399 μs, LowerFence = 282.266 μs, UpperFence = 435.860 μs
ConfidenceInterval = [350.898 μs; 370.930 μs] (CI 99.9%), Margin = 10.016 μs (2.78% of Mean)
Skewness = 0.54, Kurtosis = 2.61, MValue = 2.97

// ** Remained 0 (0.0%) benchmark(s) to run. Estimated finish 2026-05-13 20:35 (0h 0m from now) **
Successfully reverted power plan (GUID: bb60f55f-3ea5-4950-9954-90872fbbbed7 FriendlyName: Razer Cortex Power Plan)
// ***** BenchmarkRunner: Finish  *****

// * Export *
  BenchmarkDotNet.Artifacts\results\HostFfiBenchmarks-report.csv
  BenchmarkDotNet.Artifacts\results\HostFfiBenchmarks-report-github.md
  BenchmarkDotNet.Artifacts\results\HostFfiBenchmarks-report.html

// * Detailed results *
HostFfiBenchmarks.SubmitNoopJson: DefaultJob
Runtime = .NET 10.0.4 (10.0.426.12010), X64 RyuJIT AVX2; GC = Concurrent Workstation
Mean = 3.483 μs, StdErr = 0.023 μs (0.67%), N = 98, StdDev = 0.232 μs
Min = 2.791 μs, Q1 = 3.363 μs, Median = 3.516 μs, Q3 = 3.622 μs, Max = 4.009 μs
IQR = 0.259 μs, LowerFence = 2.974 μs, UpperFence = 4.011 μs
ConfidenceInterval = [3.404 μs; 3.563 μs] (CI 99.9%), Margin = 0.080 μs (2.28% of Mean)
Skewness = -0.7, Kurtosis = 3.45, MValue = 2.34
-------------------- Histogram --------------------
[2.725 μs ; 2.857 μs) | @
[2.857 μs ; 3.021 μs) | @@@@@
[3.021 μs ; 3.150 μs) | @@
[3.150 μs ; 3.282 μs) | @@@@@@@@@@
[3.282 μs ; 3.474 μs) | @@@@@@@@@@@@@@@@@@@@@@@@@@
[3.474 μs ; 3.673 μs) | @@@@@@@@@@@@@@@@@@@@@@@@@@@@@@@@@@@@@@@@
[3.673 μs ; 3.813 μs) | @@@@@@@@@@
[3.813 μs ; 3.943 μs) | @@@
[3.943 μs ; 4.075 μs) | @
---------------------------------------------------

HostFfiBenchmarks.SubmitMapSetJson: DefaultJob
Runtime = .NET 10.0.4 (10.0.426.12010), X64 RyuJIT AVX2; GC = Concurrent Workstation
Mean = 15.174 μs, StdErr = 0.086 μs (0.57%), N = 49, StdDev = 0.605 μs
Min = 13.112 μs, Q1 = 14.901 μs, Median = 15.107 μs, Q3 = 15.508 μs, Max = 16.438 μs
IQR = 0.607 μs, LowerFence = 13.991 μs, UpperFence = 16.419 μs
ConfidenceInterval = [14.871 μs; 15.477 μs] (CI 99.9%), Margin = 0.303 μs (2.00% of Mean)
Skewness = -0.64, Kurtosis = 4.78, MValue = 2
-------------------- Histogram --------------------
[12.895 μs ; 13.329 μs) | @
[13.329 μs ; 13.734 μs) | 
[13.734 μs ; 14.298 μs) | @@
[14.298 μs ; 14.746 μs) | @@@
[14.746 μs ; 15.179 μs) | @@@@@@@@@@@@@@@@@@@@@@
[15.179 μs ; 15.675 μs) | @@@@@@@@@@@@@
[15.675 μs ; 16.146 μs) | @@@@@@
[16.146 μs ; 16.655 μs) | @@
---------------------------------------------------

HostFfiBenchmarks.SubmitRequestServerPack1kJson: DefaultJob
Runtime = .NET 10.0.4 (10.0.426.12010), X64 RyuJIT AVX2; GC = Concurrent Workstation
Mean = 14.800 μs, StdErr = 0.090 μs (0.61%), N = 86, StdDev = 0.839 μs
Min = 13.406 μs, Q1 = 14.255 μs, Median = 14.811 μs, Q3 = 15.211 μs, Max = 17.257 μs
IQR = 0.956 μs, LowerFence = 12.821 μs, UpperFence = 16.645 μs
ConfidenceInterval = [14.492 μs; 15.108 μs] (CI 99.9%), Margin = 0.308 μs (2.08% of Mean)
Skewness = 0.67, Kurtosis = 3.55, MValue = 2.36
-------------------- Histogram --------------------
[13.157 μs ; 13.562 μs) | @@@
[13.562 μs ; 14.076 μs) | @@@@@@@@@@@@@@@
[14.076 μs ; 14.633 μs) | @@@@@@@@@@@@@@@@@
[14.633 μs ; 15.132 μs) | @@@@@@@@@@@@@@@@@@@@@@@@@@
[15.132 μs ; 15.667 μs) | @@@@@@@@@@@@@@@@@
[15.667 μs ; 16.059 μs) | @@
[16.059 μs ; 16.622 μs) | @
[16.622 μs ; 17.121 μs) | @@@@
[17.121 μs ; 17.507 μs) | @
---------------------------------------------------

HostFfiBenchmarks.SubmitBlobSet50KbJson: DefaultJob
Runtime = .NET 10.0.4 (10.0.426.12010), X64 RyuJIT AVX2; GC = Concurrent Workstation
Mean = 360.914 μs, StdErr = 2.951 μs (0.82%), N = 98, StdDev = 29.217 μs
Min = 306.606 μs, Q1 = 339.864 μs, Median = 356.295 μs, Q3 = 378.262 μs, Max = 432.200 μs
IQR = 38.399 μs, LowerFence = 282.266 μs, UpperFence = 435.860 μs
ConfidenceInterval = [350.898 μs; 370.930 μs] (CI 99.9%), Margin = 10.016 μs (2.78% of Mean)
Skewness = 0.54, Kurtosis = 2.61, MValue = 2.97
-------------------- Histogram --------------------
[306.230 μs ; 322.853 μs) | @@@@@@@@@
[322.853 μs ; 340.989 μs) | @@@@@@@@@@@@@@@@
[340.989 μs ; 357.624 μs) | @@@@@@@@@@@@@@@@@@@@@@@@@@@@@
[357.624 μs ; 371.723 μs) | @@@@@@@@@
[371.723 μs ; 388.358 μs) | @@@@@@@@@@@@@@@@@@@
[388.358 μs ; 409.607 μs) | @@@@@@@@@@
[409.607 μs ; 418.212 μs) | @
[418.212 μs ; 434.847 μs) | @@@@@
---------------------------------------------------

// * Summary *

BenchmarkDotNet v0.14.0, Windows 11 (10.0.26200.8328)
AMD Ryzen 9 5900X, 1 CPU, 24 logical and 12 physical cores
.NET SDK 10.0.200
  [Host]     : .NET 10.0.4 (10.0.426.12010), X64 RyuJIT AVX2
  DefaultJob : .NET 10.0.4 (10.0.426.12010), X64 RyuJIT AVX2


| Method                        | Mean       | Error      | StdDev     | Gen0   | Allocated |
|------------------------------ |-----------:|-----------:|-----------:|-------:|----------:|
| SubmitNoopJson                |   3.483 μs |  0.0796 μs |  0.2321 μs | 0.0076 |     160 B |
| SubmitMapSetJson              |  15.174 μs |  0.3028 μs |  0.6048 μs | 0.0305 |     512 B |
| SubmitRequestServerPack1kJson |  14.800 μs |  0.3083 μs |  0.8388 μs | 0.0305 |     600 B |
| SubmitBlobSet50KbJson         | 360.914 μs | 10.0161 μs | 29.2174 μs | 3.9063 |   68776 B |

// * Warnings *
MultimodalDistribution
  HostFfiBenchmarks.SubmitBlobSet50KbJson: Default -> It seems that the distribution can have several modes (mValue = 2.97)

// * Hints *
Outliers
  HostFfiBenchmarks.SubmitNoopJson: Default                -> 2 outliers were removed, 7 outliers were detected (2.79 μs..2.97 μs, 4.18 μs, 4.23 μs)
  HostFfiBenchmarks.SubmitMapSetJson: Default              -> 1 outlier  was  removed, 3 outliers were detected (13.11 μs, 13.74 μs, 17.19 μs)
  HostFfiBenchmarks.SubmitRequestServerPack1kJson: Default -> 14 outliers were removed (17.35 μs..24.41 μs)
  HostFfiBenchmarks.SubmitBlobSet50KbJson: Default         -> 2 outliers were removed (448.71 μs, 451.59 μs)

// * Legends *
  Mean      : Arithmetic mean of all measurements
  Error     : Half of 99.9% confidence interval
  StdDev    : Standard deviation of all measurements
  Gen0      : GC Generation 0 collects per 1000 operations
  Allocated : Allocated memory per single operation (managed only, inclusive, 1KB = 1024B)
  1 μs      : 1 Microsecond (0.000001 sec)

// * Diagnostic Output - MemoryDiagnoser *


// ***** BenchmarkRunner: End *****
Run time: 00:05:55 (355.54 sec), executed benchmarks: 4

Global total time: 00:06:13 (373.44 sec), executed benchmarks: 4
// * Artifacts cleanup *
Artifacts cleanup is finished
